../Core/Src/main.c:70:6:ShiftOut	24	static
../Core/Src/main.c:83:6:ShiftOut_SPI	16	static
../Core/Src/main.c:92:6:ShiftOut_LCD	16	static
../Core/Src/main.c:99:10:SevenSegLEDsHandler	16	static
../Core/Src/main.c:136:6:SevenSegLEDsScan	24	static
../Core/Src/main.c:174:10:Num_Buff_Conv	24	static
../Core/Src/main.c:189:6:Update_LCD	24	static
../Core/Src/main.c:203:5:main	24	static
../Core/Src/main.c:291:6:SystemClock_Config	72	static
../Core/Src/main.c:328:13:MX_SPI1_Init	8	static
../Core/Src/main.c:366:13:MX_SPI2_Init	8	static
../Core/Src/main.c:404:13:MX_TIM2_Init	32	static
../Core/Src/main.c:449:13:MX_GPIO_Init	32	static
../Core/Src/main.c:500:6:HAL_TIM_PeriodElapsedCallback	16	static
../Core/Src/main.c:511:6:Error_Handler	4	static,ignoring_inline_asm
