../Core/Src/main.c:68:6:ShiftOut	24	static
../Core/Src/main.c:81:6:ShiftOut_SPI	16	static
../Core/Src/main.c:90:6:ShiftOut_LCD	16	static
../Core/Src/main.c:103:5:main	24	static
../Core/Src/main.c:189:6:SystemClock_Config	72	static
../Core/Src/main.c:226:13:MX_SPI1_Init	8	static
../Core/Src/main.c:264:13:MX_SPI2_Init	8	static
../Core/Src/main.c:302:13:MX_TIM2_Init	32	static
../Core/Src/main.c:347:13:MX_GPIO_Init	32	static
../Core/Src/main.c:398:6:HAL_TIM_PeriodElapsedCallback	16	static
../Core/Src/main.c:409:6:Error_Handler	4	static,ignoring_inline_asm
