Archive member included to satisfy reference by file (symbol)

C:/D/Coding/STM32CubeIDE/Application/STM32CubeIDE_1.15.1/STM32CubeIDE/plugins/com.st.stm32cube.ide.mcu.externaltools.gnu-tools-for-stm32.12.3.rel1.win32_1.0.100.202403111256/tools/bin/../lib/gcc/arm-none-eabi/12.3.1/../../../../arm-none-eabi/lib/thumb/v7-m/nofp\libc_nano.a(libc_a-exit.o)
                              C:/D/Coding/STM32CubeIDE/Application/STM32CubeIDE_1.15.1/STM32CubeIDE/plugins/com.st.stm32cube.ide.mcu.externaltools.gnu-tools-for-stm32.12.3.rel1.win32_1.0.100.202403111256/tools/bin/../lib/gcc/arm-none-eabi/12.3.1/../../../../arm-none-eabi/lib/thumb/v7-m/nofp/crt0.o (exit)
C:/D/Coding/STM32CubeIDE/Application/STM32CubeIDE_1.15.1/STM32CubeIDE/plugins/com.st.stm32cube.ide.mcu.externaltools.gnu-tools-for-stm32.12.3.rel1.win32_1.0.100.202403111256/tools/bin/../lib/gcc/arm-none-eabi/12.3.1/../../../../arm-none-eabi/lib/thumb/v7-m/nofp\libc_nano.a(libc_a-findfp.o)
                              ./Middlewares/Third_Party/FreeRTOS/Source/tasks.o (__sf)
C:/D/Coding/STM32CubeIDE/Application/STM32CubeIDE_1.15.1/STM32CubeIDE/plugins/com.st.stm32cube.ide.mcu.externaltools.gnu-tools-for-stm32.12.3.rel1.win32_1.0.100.202403111256/tools/bin/../lib/gcc/arm-none-eabi/12.3.1/../../../../arm-none-eabi/lib/thumb/v7-m/nofp\libc_nano.a(libc_a-fwalk.o)
                              C:/D/Coding/STM32CubeIDE/Application/STM32CubeIDE_1.15.1/STM32CubeIDE/plugins/com.st.stm32cube.ide.mcu.externaltools.gnu-tools-for-stm32.12.3.rel1.win32_1.0.100.202403111256/tools/bin/../lib/gcc/arm-none-eabi/12.3.1/../../../../arm-none-eabi/lib/thumb/v7-m/nofp\libc_nano.a(libc_a-findfp.o) (_fwalk_sglue)
C:/D/Coding/STM32CubeIDE/Application/STM32CubeIDE_1.15.1/STM32CubeIDE/plugins/com.st.stm32cube.ide.mcu.externaltools.gnu-tools-for-stm32.12.3.rel1.win32_1.0.100.202403111256/tools/bin/../lib/gcc/arm-none-eabi/12.3.1/../../../../arm-none-eabi/lib/thumb/v7-m/nofp\libc_nano.a(libc_a-stdio.o)
                              C:/D/Coding/STM32CubeIDE/Application/STM32CubeIDE_1.15.1/STM32CubeIDE/plugins/com.st.stm32cube.ide.mcu.externaltools.gnu-tools-for-stm32.12.3.rel1.win32_1.0.100.202403111256/tools/bin/../lib/gcc/arm-none-eabi/12.3.1/../../../../arm-none-eabi/lib/thumb/v7-m/nofp\libc_nano.a(libc_a-findfp.o) (__sread)
C:/D/Coding/STM32CubeIDE/Application/STM32CubeIDE_1.15.1/STM32CubeIDE/plugins/com.st.stm32cube.ide.mcu.externaltools.gnu-tools-for-stm32.12.3.rel1.win32_1.0.100.202403111256/tools/bin/../lib/gcc/arm-none-eabi/12.3.1/../../../../arm-none-eabi/lib/thumb/v7-m/nofp\libc_nano.a(libc_a-memset.o)
                              C:/D/Coding/STM32CubeIDE/Application/STM32CubeIDE_1.15.1/STM32CubeIDE/plugins/com.st.stm32cube.ide.mcu.externaltools.gnu-tools-for-stm32.12.3.rel1.win32_1.0.100.202403111256/tools/bin/../lib/gcc/arm-none-eabi/12.3.1/../../../../arm-none-eabi/lib/thumb/v7-m/nofp/crt0.o (memset)
C:/D/Coding/STM32CubeIDE/Application/STM32CubeIDE_1.15.1/STM32CubeIDE/plugins/com.st.stm32cube.ide.mcu.externaltools.gnu-tools-for-stm32.12.3.rel1.win32_1.0.100.202403111256/tools/bin/../lib/gcc/arm-none-eabi/12.3.1/../../../../arm-none-eabi/lib/thumb/v7-m/nofp\libc_nano.a(libc_a-closer.o)
                              C:/D/Coding/STM32CubeIDE/Application/STM32CubeIDE_1.15.1/STM32CubeIDE/plugins/com.st.stm32cube.ide.mcu.externaltools.gnu-tools-for-stm32.12.3.rel1.win32_1.0.100.202403111256/tools/bin/../lib/gcc/arm-none-eabi/12.3.1/../../../../arm-none-eabi/lib/thumb/v7-m/nofp\libc_nano.a(libc_a-stdio.o) (_close_r)
C:/D/Coding/STM32CubeIDE/Application/STM32CubeIDE_1.15.1/STM32CubeIDE/plugins/com.st.stm32cube.ide.mcu.externaltools.gnu-tools-for-stm32.12.3.rel1.win32_1.0.100.202403111256/tools/bin/../lib/gcc/arm-none-eabi/12.3.1/../../../../arm-none-eabi/lib/thumb/v7-m/nofp\libc_nano.a(libc_a-reent.o)
                              ./Middlewares/Third_Party/FreeRTOS/Source/tasks.o (_reclaim_reent)
C:/D/Coding/STM32CubeIDE/Application/STM32CubeIDE_1.15.1/STM32CubeIDE/plugins/com.st.stm32cube.ide.mcu.externaltools.gnu-tools-for-stm32.12.3.rel1.win32_1.0.100.202403111256/tools/bin/../lib/gcc/arm-none-eabi/12.3.1/../../../../arm-none-eabi/lib/thumb/v7-m/nofp\libc_nano.a(libc_a-impure.o)
                              ./Middlewares/Third_Party/FreeRTOS/Source/tasks.o (_impure_ptr)
C:/D/Coding/STM32CubeIDE/Application/STM32CubeIDE_1.15.1/STM32CubeIDE/plugins/com.st.stm32cube.ide.mcu.externaltools.gnu-tools-for-stm32.12.3.rel1.win32_1.0.100.202403111256/tools/bin/../lib/gcc/arm-none-eabi/12.3.1/../../../../arm-none-eabi/lib/thumb/v7-m/nofp\libc_nano.a(libc_a-lseekr.o)
                              C:/D/Coding/STM32CubeIDE/Application/STM32CubeIDE_1.15.1/STM32CubeIDE/plugins/com.st.stm32cube.ide.mcu.externaltools.gnu-tools-for-stm32.12.3.rel1.win32_1.0.100.202403111256/tools/bin/../lib/gcc/arm-none-eabi/12.3.1/../../../../arm-none-eabi/lib/thumb/v7-m/nofp\libc_nano.a(libc_a-stdio.o) (_lseek_r)
[...]
Memory Configuration

Name             Origin             Length             Attributes
RAM              0x20000000         0x00005000         xrw
FLASH            0x08000000         0x00010000         xr
*default*        0x00000000         0xffffffff

Linker script and memory map

LOAD C:/D/Coding/STM32CubeIDE/Application/STM32CubeIDE_1.15.1/STM32CubeIDE/plugins/com.st.stm32cube.ide.mcu.externaltools.gnu-tools-for-stm32.12.3.rel1.win32_1.0.100.202403111256/tools/bin/../lib/gcc/arm-none-eabi/12.3.1/thumb/v7-m/nofp/crti.o
LOAD C:/D/Coding/STM32CubeIDE/Application/STM32CubeIDE_1.15.1/STM32CubeIDE/plugins/com.st.stm32cube.ide.mcu.externaltools.gnu-tools-for-stm32.12.3.rel1.win32_1.0.100.202403111256/tools/bin/../lib/gcc/arm-none-eabi/12.3.1/thumb/v7-m/nofp/crtbegin.o
LOAD C:/D/Coding/STM32CubeIDE/Application/STM32CubeIDE_1.15.1/STM32CubeIDE/plugins/com.st.stm32cube.ide.mcu.externaltools.gnu-tools-for-stm32.12.3.rel1.win32_1.0.100.202403111256/tools/bin/../lib/gcc/arm-none-eabi/12.3.1/../../../../arm-none-eabi/lib/thumb/v7-m/nofp/crt0.o
LOAD ./Core/Src/KeyPad.o
LOAD ./Core/Src/freertos.o
LOAD ./Core/Src/main.o
LOAD ./Core/Src/stm32f1xx_hal_msp.o
LOAD ./Core/Src/stm32f1xx_hal_timebase_tim.o
LOAD ./Core/Src/stm32f1xx_it.o
LOAD ./Core/Src/syscalls.o
LOAD ./Core/Src/sysmem.o
LOAD ./Core/Src/system_stm32f1xx.o
LOAD ./Core/Startup/startup_stm32f103c8tx.o
LOAD ./Drivers/STM32F1xx_HAL_Driver/Src/stm32f1xx_hal.o
LOAD ./Drivers/STM32F1xx_HAL_Driver/Src/stm32f1xx_hal_cortex.o
LOAD ./Drivers/STM32F1xx_HAL_Driver/Src/stm32f1xx_hal_dma.o
LOAD ./Drivers/STM32F1xx_HAL_Driver/Src/stm32f1xx_hal_exti.o
LOAD ./Drivers/STM32F1xx_HAL_Driver/Src/stm32f1xx_hal_flash.o
LOAD ./Drivers/STM32F1xx_HAL_Driver/Src/stm32f1xx_hal_flash_ex.o
LOAD ./Drivers/STM32F1xx_HAL_Driver/Src/stm32f1xx_hal_gpio.o
LOAD ./Drivers/STM32F1xx_HAL_Driver/Src/stm32f1xx_hal_gpio_ex.o
LOAD ./Drivers/STM32F1xx_HAL_Driver/Src/stm32f1xx_hal_pwr.o
LOAD ./Drivers/STM32F1xx_HAL_Driver/Src/stm32f1xx_hal_rcc.o
LOAD ./Drivers/STM32F1xx_HAL_Driver/Src/stm32f1xx_hal_rcc_ex.o
LOAD ./Drivers/STM32F1xx_HAL_Driver/Src/stm32f1xx_hal_spi.o
LOAD ./Drivers/STM32F1xx_HAL_Driver/Src/stm32f1xx_hal_tim.o
LOAD ./Drivers/STM32F1xx_HAL_Driver/Src/stm32f1xx_hal_tim_ex.o
LOAD ./Middlewares/Third_Party/FreeRTOS/Source/CMSIS_RTOS/cmsis_os.o
LOAD ./Middlewares/Third_Party/FreeRTOS/Source/croutine.o
LOAD ./Middlewares/Third_Party/FreeRTOS/Source/event_groups.o
LOAD ./Middlewares/Third_Party/FreeRTOS/Source/list.o
LOAD ./Middlewares/Third_Party/FreeRTOS/Source/queue.o
LOAD ./Middlewares/Third_Party/FreeRTOS/Source/stream_buffer.o
LOAD ./Middlewares/Third_Party/FreeRTOS/Source/tasks.o
LOAD ./Middlewares/Third_Party/FreeRTOS/Source/timers.o
LOAD ./Middlewares/Third_Party/FreeRTOS/Source/portable/GCC/ARM_CM3/port.o
LOAD ./Middlewares/Third_Party/FreeRTOS/Source/portable/MemMang/heap_4.o
START GROUP
LOAD C:/D/Coding/STM32CubeIDE/Application/STM32CubeIDE_1.15.1/STM32CubeIDE/plugins/com.st.stm32cube.ide.mcu.externaltools.gnu-tools-for-stm32.12.3.rel1.win32_1.0.100.202403111256/tools/bin/../lib/gcc/arm-none-eabi/12.3.1/../../../../arm-none-eabi/lib/thumb/v7-m/nofp\libc_nano.a
LOAD C:/D/Coding/STM32CubeIDE/Application/STM32CubeIDE_1.15.1/STM32CubeIDE/plugins/com.st.stm32cube.ide.mcu.externaltools.gnu-tools-for-stm32.12.3.rel1.win32_1.0.100.202403111256/tools/bin/../lib/gcc/arm-none-eabi/12.3.1/../../../../arm-none-eabi/lib/thumb/v7-m/nofp\libm.a
END GROUP
START GROUP
LOAD C:/D/Coding/STM32CubeIDE/Application/STM32CubeIDE_1.15.1/STM32CubeIDE/plugins/com.st.stm32cube.ide.mcu.externaltools.gnu-tools-for-stm32.12.3.rel1.win32_1.0.100.202403111256/tools/bin/../lib/gcc/arm-none-eabi/12.3.1/thumb/v7-m/nofp\libgcc.a
LOAD C:/D/Coding/STM32CubeIDE/Application/STM32CubeIDE_1.15.1/STM32CubeIDE/plugins/com.st.stm32cube.ide.mcu.externaltools.gnu-tools-for-stm32.12.3.rel1.win32_1.0.100.202403111256/tools/bin/../lib/gcc/arm-none-eabi/12.3.1/../../../../arm-none-eabi/lib/thumb/v7-m/nofp\libc_nano.a
END GROUP
START GROUP
LOAD C:/D/Coding/STM32CubeIDE/Application/STM32CubeIDE_1.15.1/STM32CubeIDE/plugins/com.st.stm32cube.ide.mcu.externaltools.gnu-tools-for-stm32.12.3.rel1.win32_1.0.100.202403111256/tools/bin/../lib/gcc/arm-none-eabi/12.3.1/thumb/v7-m/nofp\libgcc.a
LOAD C:/D/Coding/STM32CubeIDE/Application/STM32CubeIDE_1.15.1/STM32CubeIDE/plugins/com.st.stm32cube.ide.mcu.externaltools.gnu-tools-for-stm32.12.3.rel1.win32_1.0.100.202403111256/tools/bin/../lib/gcc/arm-none-eabi/12.3.1/../../../../arm-none-eabi/lib/thumb/v7-m/nofp\libc_nano.a
LOAD C:/D/Coding/STM32CubeIDE/Application/STM32CubeIDE_1.15.1/STM32CubeIDE/plugins/com.st.stm32cube.ide.mcu.externaltools.gnu-tools-for-stm32.12.3.rel1.win32_1.0.100.202403111256/tools/bin/../lib/gcc/arm-none-eabi/12.3.1/../../../../arm-none-eabi/lib/thumb/v7-m/nofp\libnosys.a
END GROUP
START GROUP
LOAD C:/D/Coding/STM32CubeIDE/Application/STM32CubeIDE_1.15.1/STM32CubeIDE/plugins/com.st.stm32cube.ide.mcu.externaltools.gnu-tools-for-stm32.12.3.rel1.win32_1.0.100.202403111256/tools/bin/../lib/gcc/arm-none-eabi/12.3.1/thumb/v7-m/nofp\libgcc.a
LOAD C:/D/Coding/STM32CubeIDE/Application/STM32CubeIDE_1.15.1/STM32CubeIDE/plugins/com.st.stm32cube.ide.mcu.externaltools.gnu-tools-for-stm32.12.3.rel1.win32_1.0.100.202403111256/tools/bin/../lib/gcc/arm-none-eabi/12.3.1/../../../../arm-none-eabi/lib/thumb/v7-m/nofp\libc_nano.a
LOAD C:/D/Coding/STM32CubeIDE/Application/STM32CubeIDE_1.15.1/STM32CubeIDE/plugins/com.st.stm32cube.ide.mcu.externaltools.gnu-tools-for-stm32.12.3.rel1.win32_1.0.100.202403111256/tools/bin/../lib/gcc/arm-none-eabi/12.3.1/../../../../arm-none-eabi/lib/thumb/v7-m/nofp\libnosys.a
END GROUP
LOAD C:/D/Coding/STM32CubeIDE/Application/STM32CubeIDE_1.15.1/STM32CubeIDE/plugins/com.st.stm32cube.ide.mcu.externaltools.gnu-tools-for-stm32.12.3.rel1.win32_1.0.100.202403111256/tools/bin/../lib/gcc/arm-none-eabi/12.3.1/thumb/v7-m/nofp/crtend.o
LOAD C:/D/Coding/STM32CubeIDE/Application/STM32CubeIDE_1.15.1/STM32CubeIDE/plugins/com.st.stm32cube.ide.mcu.externaltools.gnu-tools-for-stm32.12.3.rel1.win32_1.0.100.202403111256/tools/bin/../lib/gcc/arm-none-eabi/12.3.1/thumb/v7-m/nofp/crtn.o
                0x20005000                        _estack = (ORIGIN (RAM) + LENGTH (RAM))
                0x00000200                        _Min_Heap_Size = 0x200
                0x00000400                        _Min_Stack_Size = 0x400

.isr_vector     0x08000000      0x10c
                0x08000000                        . = ALIGN (0x4)
 *(.isr_vector)
 .isr_vector    0x08000000      0x10c ./Core/Startup/startup_stm32f103c8tx.o
                0x08000000                g_pfnVectors
                0x0800010c                        . = ALIGN (0x4)

.text           0x08000110     0x3694
                0x08000110                        . = ALIGN (0x4)
 *(.text)
 .text          0x08000110       0x40 C:/D/Coding/STM32CubeIDE/Application/STM32CubeIDE_1.15.1/STM32CubeIDE/plugins/com.st.stm32cube.ide.mcu.externaltools.gnu-tools-for-stm32.12.3.rel1.win32_1.0.100.202403111256/tools/bin/../lib/gcc/arm-none-eabi/12.3.1/thumb/v7-m/nofp/crtbegin.o
 *(.text*)
 .text.KeyPad_Scan
                0x08000150       0xa8 ./Core/Src/KeyPad.o
                0x08000150                KeyPad_Scan
 .text.vApplicationGetIdleTaskMemory
                0x080001f8       0x30 ./Core/Src/freertos.o
                0x080001f8                vApplicationGetIdleTaskMemory
 .text.ShiftOut_SPI
                0x08000228       0x44 ./Core/Src/main.o
                0x08000228                ShiftOut_SPI
 .text.ShiftOut_LCD
                0x0800026c       0x40 ./Core/Src/main.o
                0x0800026c                ShiftOut_LCD
 .text.Num_Buff_Conv
                0x080002ac       0x70 ./Core/Src/main.o
                0x080002ac                Num_Buff_Conv
 .text.Update_LCD
                0x0800031c       0x28 ./Core/Src/main.o
                0x0800031c                Update_LCD
 .text.main     0x08000344       0xa8 ./Core/Src/main.o
                0x08000344                main
 .text.SystemClock_Config
                0x080003ec       0x76 ./Core/Src/main.o
                0x080003ec                SystemClock_Config
 *fill*         0x08000462        0x2 
 .text.MX_SPI1_Init
                0x08000464       0x6c ./Core/Src/main.o
 .text.MX_SPI2_Init
                0x080004d0       0x6c ./Core/Src/main.o
 .text.MX_GPIO_Init
                0x0800053c       0xe0 ./Core/Src/main.o
 .text.SevenSegs_Handler
                0x0800061c       0x94 ./Core/Src/main.o
                0x0800061c                SevenSegs_Handler
 .text.KeyBoard_Handler
                0x080006b0       0x34 ./Core/Src/main.o
                0x080006b0                KeyBoard_Handler
 .text.LCD_Handler
                0x080006e4       0x2c ./Core/Src/main.o
                0x080006e4                LCD_Handler
 .text.HAL_TIM_PeriodElapsedCallback
                0x08000710       0x24 ./Core/Src/main.o
                0x08000710                HAL_TIM_PeriodElapsedCallback
 .text.Error_Handler
                0x08000734        0xc ./Core/Src/main.o
                0x08000734                Error_Handler
 .text.HAL_MspInit
                0x08000740       0x70 ./Core/Src/stm32f1xx_hal_msp.o
                0x08000740                HAL_MspInit
 .text.HAL_SPI_MspInit
                0x080007b0       0xdc ./Core/Src/stm32f1xx_hal_msp.o
                0x080007b0                HAL_SPI_MspInit
 .text.HAL_InitTick
                0x0800088c       0xfc ./Core/Src/stm32f1xx_hal_timebase_tim.o
                0x0800088c                HAL_InitTick
 .text.NMI_Handler
                0x08000988        0x8 ./Core/Src/stm32f1xx_it.o
                0x08000988                NMI_Handler
 .text.HardFault_Handler
                0x08000990        0x8 ./Core/Src/stm32f1xx_it.o
                0x08000990                HardFault_Handler
 .text.MemManage_Handler
                0x08000998        0x8 ./Core/Src/stm32f1xx_it.o
                0x08000998                MemManage_Handler
 .text.BusFault_Handler
                0x080009a0        0x8 ./Core/Src/stm32f1xx_it.o
                0x080009a0                BusFault_Handler
 .text.UsageFault_Handler
                0x080009a8        0x8 ./Core/Src/stm32f1xx_it.o
                0x080009a8                UsageFault_Handler
 .text.DebugMon_Handler
                0x080009b0        0xc ./Core/Src/stm32f1xx_it.o
                0x080009b0                DebugMon_Handler
 .text.TIM3_IRQHandler
                0x080009bc       0x14 ./Core/Src/stm32f1xx_it.o
                0x080009bc                TIM3_IRQHandler
 .text.SystemInit
                0x080009d0        0xc ./Core/Src/system_stm32f1xx.o
                0x080009d0                SystemInit
 .text.Reset_Handler
                0x080009dc       0x48 ./Core/Startup/startup_stm32f103c8tx.o
                0x080009dc                Reset_Handler
 .text.Default_Handler
                0x08000a24        0x2 ./Core/Startup/startup_stm32f103c8tx.o
                0x08000a24                RTC_Alarm_IRQHandler
                0x08000a24                EXTI2_IRQHandler
                0x08000a24                TIM1_CC_IRQHandler
                0x08000a24                PVD_IRQHandler
                0x08000a24                EXTI3_IRQHandler
                0x08000a24                EXTI0_IRQHandler
                0x08000a24                I2C2_EV_IRQHandler
                0x08000a24                ADC1_2_IRQHandler
                0x08000a24                SPI1_IRQHandler
                0x08000a24                TAMPER_IRQHandler
                0x08000a24                DMA1_Channel4_IRQHandler
                0x08000a24                USART3_IRQHandler
                0x08000a24                RTC_IRQHandler
                0x08000a24                DMA1_Channel7_IRQHandler
                0x08000a24                CAN1_RX1_IRQHandler
                0x08000a24                TIM4_IRQHandler
                0x08000a24                I2C1_EV_IRQHandler
                0x08000a24                DMA1_Channel6_IRQHandler
                0x08000a24                RCC_IRQHandler
                0x08000a24                TIM1_TRG_COM_IRQHandler
                0x08000a24                DMA1_Channel1_IRQHandler
                0x08000a24                Default_Handler
                0x08000a24                EXTI15_10_IRQHandler
                0x08000a24                EXTI9_5_IRQHandler
                0x08000a24                SPI2_IRQHandler
                0x08000a24                DMA1_Channel5_IRQHandler
                0x08000a24                EXTI4_IRQHandler
                0x08000a24                USB_LP_CAN1_RX0_IRQHandler
                0x08000a24                USB_HP_CAN1_TX_IRQHandler
                0x08000a24                DMA1_Channel3_IRQHandler
                0x08000a24                TIM1_UP_IRQHandler
                0x08000a24                WWDG_IRQHandler
                0x08000a24                TIM2_IRQHandler
                0x08000a24                TIM1_BRK_IRQHandler
                0x08000a24                EXTI1_IRQHandler
                0x08000a24                USART2_IRQHandler
                0x08000a24                I2C2_ER_IRQHandler
                0x08000a24                DMA1_Channel2_IRQHandler
                0x08000a24                CAN1_SCE_IRQHandler
                0x08000a24                FLASH_IRQHandler
                0x08000a24                USART1_IRQHandler
                0x08000a24                I2C1_ER_IRQHandler
                0x08000a24                USBWakeUp_IRQHandler
 *fill*         0x08000a26        0x2 
 .text.HAL_Init
                0x08000a28       0x2c ./Drivers/STM32F1xx_HAL_Driver/Src/stm32f1xx_hal.o
                0x08000a28                HAL_Init
 .text.HAL_IncTick
                0x08000a54       0x24 ./Drivers/STM32F1xx_HAL_Driver/Src/stm32f1xx_hal.o
                0x08000a54                HAL_IncTick
 .text.HAL_GetTick
                0x08000a78       0x14 ./Drivers/STM32F1xx_HAL_Driver/Src/stm32f1xx_hal.o
                0x08000a78                HAL_GetTick
 .text.__NVIC_SetPriorityGrouping
                0x08000a8c       0x48 ./Drivers/STM32F1xx_HAL_Driver/Src/stm32f1xx_hal_cortex.o
 .text.__NVIC_GetPriorityGrouping
                0x08000ad4       0x1c ./Drivers/STM32F1xx_HAL_Driver/Src/stm32f1xx_hal_cortex.o
 .text.__NVIC_EnableIRQ
                0x08000af0       0x38 ./Drivers/STM32F1xx_HAL_Driver/Src/stm32f1xx_hal_cortex.o
 .text.__NVIC_SetPriority
                0x08000b28       0x54 ./Drivers/STM32F1xx_HAL_Driver/Src/stm32f1xx_hal_cortex.o
 .text.NVIC_EncodePriority
                0x08000b7c       0x64 ./Drivers/STM32F1xx_HAL_Driver/Src/stm32f1xx_hal_cortex.o
 .text.HAL_NVIC_SetPriorityGrouping
                0x08000be0       0x16 ./Drivers/STM32F1xx_HAL_Driver/Src/stm32f1xx_hal_cortex.o
                0x08000be0                HAL_NVIC_SetPriorityGrouping
 .text.HAL_NVIC_SetPriority
                0x08000bf6       0x38 ./Drivers/STM32F1xx_HAL_Driver/Src/stm32f1xx_hal_cortex.o
                0x08000bf6                HAL_NVIC_SetPriority
 .text.HAL_NVIC_EnableIRQ
                0x08000c2e       0x1c ./Drivers/STM32F1xx_HAL_Driver/Src/stm32f1xx_hal_cortex.o
                0x08000c2e                HAL_NVIC_EnableIRQ
 *fill*         0x08000c4a        0x2 
 .text.HAL_GPIO_Init
                0x08000c4c      0x308 ./Drivers/STM32F1xx_HAL_Driver/Src/stm32f1xx_hal_gpio.o
                0x08000c4c                HAL_GPIO_Init
 .text.HAL_GPIO_ReadPin
                0x08000f54       0x2e ./Drivers/STM32F1xx_HAL_Driver/Src/stm32f1xx_hal_gpio.o
                0x08000f54                HAL_GPIO_ReadPin
 .text.HAL_GPIO_WritePin
                0x08000f82       0x30 ./Drivers/STM32F1xx_HAL_Driver/Src/stm32f1xx_hal_gpio.o
                0x08000f82                HAL_GPIO_WritePin
 .text.HAL_GPIO_TogglePin
                0x08000fb2       0x32 ./Drivers/STM32F1xx_HAL_Driver/Src/stm32f1xx_hal_gpio.o
                0x08000fb2                HAL_GPIO_TogglePin
 .text.HAL_RCC_OscConfig
                0x08000fe4      0x504 ./Drivers/STM32F1xx_HAL_Driver/Src/stm32f1xx_hal_rcc.o
                0x08000fe4                HAL_RCC_OscConfig
 .text.HAL_RCC_ClockConfig
                0x080014e8      0x1d4 ./Drivers/STM32F1xx_HAL_Driver/Src/stm32f1xx_hal_rcc.o
                0x080014e8                HAL_RCC_ClockConfig
 .text.HAL_RCC_GetSysClockFreq
                0x080016bc       0xa8 ./Drivers/STM32F1xx_HAL_Driver/Src/stm32f1xx_hal_rcc.o
                0x080016bc                HAL_RCC_GetSysClockFreq
 .text.HAL_RCC_GetHCLKFreq
                0x08001764       0x14 ./Drivers/STM32F1xx_HAL_Driver/Src/stm32f1xx_hal_rcc.o
                0x08001764                HAL_RCC_GetHCLKFreq
 .text.HAL_RCC_GetPCLK1Freq
                0x08001778       0x28 ./Drivers/STM32F1xx_HAL_Driver/Src/stm32f1xx_hal_rcc.o
                0x08001778                HAL_RCC_GetPCLK1Freq
 .text.HAL_RCC_GetClockConfig
                0x080017a0       0x60 ./Drivers/STM32F1xx_HAL_Driver/Src/stm32f1xx_hal_rcc.o
                0x080017a0                HAL_RCC_GetClockConfig
 .text.RCC_Delay
                0x08001800       0x3c ./Drivers/STM32F1xx_HAL_Driver/Src/stm32f1xx_hal_rcc.o
 .text.HAL_SPI_Init
                0x0800183c      0x108 ./Drivers/STM32F1xx_HAL_Driver/Src/stm32f1xx_hal_spi.o
                0x0800183c                HAL_SPI_Init
 .text.HAL_SPI_Transmit
                0x08001944      0x286 ./Drivers/STM32F1xx_HAL_Driver/Src/stm32f1xx_hal_spi.o
                0x08001944                HAL_SPI_Transmit
 *fill*         0x08001bca        0x2 
 .text.SPI_WaitFlagStateUntilTimeout
                0x08001bcc      0x110 ./Drivers/STM32F1xx_HAL_Driver/Src/stm32f1xx_hal_spi.o
 .text.SPI_EndRxTxTransaction
                0x08001cdc       0x3c ./Drivers/STM32F1xx_HAL_Driver/Src/stm32f1xx_hal_spi.o
 .text.HAL_TIM_Base_Init
                0x08001d18       0x9e ./Drivers/STM32F1xx_HAL_Driver/Src/stm32f1xx_hal_tim.o
                0x08001d18                HAL_TIM_Base_Init
 .text.HAL_TIM_Base_MspInit
                0x08001db6       0x12 ./Drivers/STM32F1xx_HAL_Driver/Src/stm32f1xx_hal_tim.o
                0x08001db6                HAL_TIM_Base_MspInit
 .text.HAL_TIM_Base_Start_IT
                0x08001dc8       0xa4 ./Drivers/STM32F1xx_HAL_Driver/Src/stm32f1xx_hal_tim.o
                0x08001dc8                HAL_TIM_Base_Start_IT
 .text.HAL_TIM_IRQHandler
                0x08001e6c      0x210 ./Drivers/STM32F1xx_HAL_Driver/Src/stm32f1xx_hal_tim.o
                0x08001e6c                HAL_TIM_IRQHandler
 .text.HAL_TIM_OC_DelayElapsedCallback
                0x0800207c       0x12 ./Drivers/STM32F1xx_HAL_Driver/Src/stm32f1xx_hal_tim.o
                0x0800207c                HAL_TIM_OC_DelayElapsedCallback
 .text.HAL_TIM_IC_CaptureCallback
                0x0800208e       0x12 ./Drivers/STM32F1xx_HAL_Driver/Src/stm32f1xx_hal_tim.o
                0x0800208e                HAL_TIM_IC_CaptureCallback
 .text.HAL_TIM_PWM_PulseFinishedCallback
                0x080020a0       0x12 ./Drivers/STM32F1xx_HAL_Driver/Src/stm32f1xx_hal_tim.o
                0x080020a0                HAL_TIM_PWM_PulseFinishedCallback
 .text.HAL_TIM_TriggerCallback
                0x080020b2       0x12 ./Drivers/STM32F1xx_HAL_Driver/Src/stm32f1xx_hal_tim.o
                0x080020b2                HAL_TIM_TriggerCallback
 .text.TIM_Base_SetConfig
                0x080020c4       0xc4 ./Drivers/STM32F1xx_HAL_Driver/Src/stm32f1xx_hal_tim.o
                0x080020c4                TIM_Base_SetConfig
 .text.HAL_TIMEx_CommutCallback
                0x08002188       0x12 ./Drivers/STM32F1xx_HAL_Driver/Src/stm32f1xx_hal_tim_ex.o
                0x08002188                HAL_TIMEx_CommutCallback
 .text.HAL_TIMEx_BreakCallback
                0x0800219a       0x12 ./Drivers/STM32F1xx_HAL_Driver/Src/stm32f1xx_hal_tim_ex.o
                0x0800219a                HAL_TIMEx_BreakCallback
 .text.makeFreeRtosPriority
                0x080021ac       0x2e ./Middlewares/Third_Party/FreeRTOS/Source/CMSIS_RTOS/cmsis_os.o
 .text.osKernelStart
                0x080021da        0xe ./Middlewares/Third_Party/FreeRTOS/Source/CMSIS_RTOS/cmsis_os.o
                0x080021da                osKernelStart
 .text.osThreadCreate
                0x080021e8       0x98 ./Middlewares/Third_Party/FreeRTOS/Source/CMSIS_RTOS/cmsis_os.o
                0x080021e8                osThreadCreate
 .text.osDelay  0x08002280       0x28 ./Middlewares/Third_Party/FreeRTOS/Source/CMSIS_RTOS/cmsis_os.o
                0x08002280                osDelay
 .text.vListInitialise
                0x080022a8       0x3e ./Middlewares/Third_Party/FreeRTOS/Source/list.o
                0x080022a8                vListInitialise
 .text.vListInitialiseItem
                0x080022e6       0x18 ./Middlewares/Third_Party/FreeRTOS/Source/list.o
                0x080022e6                vListInitialiseItem
 .text.vListInsertEnd
                0x080022fe       0x46 ./Middlewares/Third_Party/FreeRTOS/Source/list.o
                0x080022fe                vListInsertEnd
 .text.vListInsert
                0x08002344       0x70 ./Middlewares/Third_Party/FreeRTOS/Source/list.o
                0x08002344                vListInsert
 .text.uxListRemove
                0x080023b4       0x52 ./Middlewares/Third_Party/FreeRTOS/Source/list.o
                0x080023b4                uxListRemove
 .text.xTaskCreateStatic
                0x08002406       0xbe ./Middlewares/Third_Party/FreeRTOS/Source/tasks.o
                0x08002406                xTaskCreateStatic
 .text.xTaskCreate
                0x080024c4       0x8a ./Middlewares/Third_Party/FreeRTOS/Source/tasks.o
                0x080024c4                xTaskCreate
 *fill*         0x0800254e        0x2 
 .text.prvInitialiseNewTask
                0x08002550      0x130 ./Middlewares/Third_Party/FreeRTOS/Source/tasks.o
 .text.prvAddNewTaskToReadyList
                0x08002680       0xd4 ./Middlewares/Third_Party/FreeRTOS/Source/tasks.o
 .text.vTaskDelay
                0x08002754       0x6c ./Middlewares/Third_Party/FreeRTOS/Source/tasks.o
                0x08002754                vTaskDelay
 .text.vTaskStartScheduler
                0x080027c0       0xd4 ./Middlewares/Third_Party/FreeRTOS/Source/tasks.o
                0x080027c0                vTaskStartScheduler
 .text.vTaskSuspendAll
                0x08002894       0x1c ./Middlewares/Third_Party/FreeRTOS/Source/tasks.o
                0x08002894                vTaskSuspendAll
 .text.xTaskResumeAll
                0x080028b0      0x13c ./Middlewares/Third_Party/FreeRTOS/Source/tasks.o
                0x080028b0                xTaskResumeAll
 .text.xTaskIncrementTick
                0x080029ec      0x17c ./Middlewares/Third_Party/FreeRTOS/Source/tasks.o
                0x080029ec                xTaskIncrementTick
 .text.vTaskSwitchContext
                0x08002b68       0xc4 ./Middlewares/Third_Party/FreeRTOS/Source/tasks.o
                0x08002b68                vTaskSwitchContext
 .text.prvIdleTask
                0x08002c2c       0x30 ./Middlewares/Third_Party/FreeRTOS/Source/tasks.o
 .text.prvInitialiseTaskLists
                0x08002c5c       0x80 ./Middlewares/Third_Party/FreeRTOS/Source/tasks.o
 .text.prvCheckTasksWaitingTermination
                0x08002cdc       0x5c ./Middlewares/Third_Party/FreeRTOS/Source/tasks.o
 .text.prvDeleteTCB
                0x08002d38       0x6a ./Middlewares/Third_Party/FreeRTOS/Source/tasks.o
 *fill*         0x08002da2        0x2 
 .text.prvResetNextTaskUnblockTime
                0x08002da4       0x48 ./Middlewares/Third_Party/FreeRTOS/Source/tasks.o
 .text.prvAddCurrentTaskToDelayedList
                0x08002dec       0xcc ./Middlewares/Third_Party/FreeRTOS/Source/tasks.o
 .text.pxPortInitialiseStack
                0x08002eb8       0x58 ./Middlewares/Third_Party/FreeRTOS/Source/portable/GCC/ARM_CM3/port.o
                0x08002eb8                pxPortInitialiseStack
 .text.prvTaskExitError
                0x08002f10       0x58 ./Middlewares/Third_Party/FreeRTOS/Source/portable/GCC/ARM_CM3/port.o
 *fill*         0x08002f68        0x8 
 .text.SVC_Handler
                0x08002f70       0x28 ./Middlewares/Third_Party/FreeRTOS/Source/portable/GCC/ARM_CM3/port.o
                0x08002f70                SVC_Handler
 .text.prvPortStartFirstTask
                0x08002f98       0x20 ./Middlewares/Third_Party/FreeRTOS/Source/portable/GCC/ARM_CM3/port.o
 .text.xPortStartScheduler
                0x08002fb8       0xe4 ./Middlewares/Third_Party/FreeRTOS/Source/portable/GCC/ARM_CM3/port.o
                0x08002fb8                xPortStartScheduler
 .text.vPortEnterCritical
                0x0800309c       0x60 ./Middlewares/Third_Party/FreeRTOS/Source/portable/GCC/ARM_CM3/port.o
                0x0800309c                vPortEnterCritical
 .text.vPortExitCritical
                0x080030fc       0x54 ./Middlewares/Third_Party/FreeRTOS/Source/portable/GCC/ARM_CM3/port.o
                0x080030fc                vPortExitCritical
 .text.PendSV_Handler
                0x08003150       0x48 ./Middlewares/Third_Party/FreeRTOS/Source/portable/GCC/ARM_CM3/port.o
                0x08003150                PendSV_Handler
 .text.SysTick_Handler
                0x08003198       0x44 ./Middlewares/Third_Party/FreeRTOS/Source/portable/GCC/ARM_CM3/port.o
                0x08003198                SysTick_Handler
 .text.vPortSetupTimerInterrupt
                0x080031dc       0x44 ./Middlewares/Third_Party/FreeRTOS/Source/portable/GCC/ARM_CM3/port.o
                0x080031dc                vPortSetupTimerInterrupt
 .text.pvPortMalloc
                0x08003220      0x190 ./Middlewares/Third_Party/FreeRTOS/Source/portable/MemMang/heap_4.o
                0x08003220                pvPortMalloc
 .text.vPortFree
                0x080033b0       0xb8 ./Middlewares/Third_Party/FreeRTOS/Source/portable/MemMang/heap_4.o
                0x080033b0                vPortFree
 .text.prvHeapInit
                0x08003468       0xc4 ./Middlewares/Third_Party/FreeRTOS/Source/portable/MemMang/heap_4.o
 .text.prvInsertBlockIntoFreeList
                0x0800352c       0xb0 ./Middlewares/Third_Party/FreeRTOS/Source/portable/MemMang/heap_4.o
 .text.memset   0x080035dc       0x10 C:/D/Coding/STM32CubeIDE/Application/STM32CubeIDE_1.15.1/STM32CubeIDE/plugins/com.st.stm32cube.ide.mcu.externaltools.gnu-tools-for-stm32.12.3.rel1.win32_1.0.100.202403111256/tools/bin/../lib/gcc/arm-none-eabi/12.3.1/../../../../arm-none-eabi/lib/thumb/v7-m/nofp\libc_nano.a(libc_a-memset.o)
                0x080035dc                memset
 .text._reclaim_reent
                0x080035ec       0xac C:/D/Coding/STM32CubeIDE/Application/STM32CubeIDE_1.15.1/STM32CubeIDE/plugins/com.st.stm32cube.ide.mcu.externaltools.gnu-tools-for-stm32.12.3.rel1.win32_1.0.100.202403111256/tools/bin/../lib/gcc/arm-none-eabi/12.3.1/../../../../arm-none-eabi/lib/thumb/v7-m/nofp\libc_nano.a(libc_a-reent.o)
                0x080035ec                _reclaim_reent
 .text.__libc_init_array
                0x08003698       0x48 C:/D/Coding/STM32CubeIDE/Application/STM32CubeIDE_1.15.1/STM32CubeIDE/plugins/com.st.stm32cube.ide.mcu.externaltools.gnu-tools-for-stm32.12.3.rel1.win32_1.0.100.202403111256/tools/bin/../lib/gcc/arm-none-eabi/12.3.1/../../../../arm-none-eabi/lib/thumb/v7-m/nofp\libc_nano.a(libc_a-init.o)
                0x08003698                __libc_init_array
 .text.__retarget_lock_acquire_recursive
                0x080036e0        0x2 C:/D/Coding/STM32CubeIDE/Application/STM32CubeIDE_1.15.1/STM32CubeIDE/plugins/com.st.stm32cube.ide.mcu.externaltools.gnu-tools-for-stm32.12.3.rel1.win32_1.0.100.202403111256/tools/bin/../lib/gcc/arm-none-eabi/12.3.1/../../../../arm-none-eabi/lib/thumb/v7-m/nofp\libc_nano.a(libc_a-lock.o)
                0x080036e0                __retarget_lock_acquire_recursive
 .text.__retarget_lock_release_recursive
                0x080036e2        0x2 C:/D/Coding/STM32CubeIDE/Application/STM32CubeIDE_1.15.1/STM32CubeIDE/plugins/com.st.stm32cube.ide.mcu.externaltools.gnu-tools-for-stm32.12.3.rel1.win32_1.0.100.202403111256/tools/bin/../lib/gcc/arm-none-eabi/12.3.1/../../../../arm-none-eabi/lib/thumb/v7-m/nofp\libc_nano.a(libc_a-lock.o)
                0x080036e2                __retarget_lock_release_recursive
 .text._free_r  0x080036e4       0x90 C:/D/Coding/STM32CubeIDE/Application/STM32CubeIDE_1.15.1/STM32CubeIDE/plugins/com.st.stm32cube.ide.mcu.externaltools.gnu-tools-for-stm32.12.3.rel1.win32_1.0.100.202403111256/tools/bin/../lib/gcc/arm-none-eabi/12.3.1/../../../../arm-none-eabi/lib/thumb/v7-m/nofp\libc_nano.a(libc_a-freer.o)
                0x080036e4                _free_r
 .text.__malloc_lock
                0x08003774        0xc C:/D/Coding/STM32CubeIDE/Application/STM32CubeIDE_1.15.1/STM32CubeIDE/plugins/com.st.stm32cube.ide.mcu.externaltools.gnu-tools-for-stm32.12.3.rel1.win32_1.0.100.202403111256/tools/bin/../lib/gcc/arm-none-eabi/12.3.1/../../../../arm-none-eabi/lib/thumb/v7-m/nofp\libc_nano.a(libc_a-mlock.o)
                0x08003774                __malloc_lock
 .text.__malloc_unlock
                0x08003780        0xc C:/D/Coding/STM32CubeIDE/Application/STM32CubeIDE_1.15.1/STM32CubeIDE/plugins/com.st.stm32cube.ide.mcu.externaltools.gnu-tools-for-stm32.12.3.rel1.win32_1.0.100.202403111256/tools/bin/../lib/gcc/arm-none-eabi/12.3.1/../../../../arm-none-eabi/lib/thumb/v7-m/nofp\libc_nano.a(libc_a-mlock.o)
                0x08003780                __malloc_unlock
 *(.glue_7)
 .glue_7        0x0800378c        0x0 linker stubs
 *(.glue_7t)
 .glue_7t       0x0800378c        0x0 linker stubs
 *(.eh_frame)
 .eh_frame      0x0800378c        0x0 C:/D/Coding/STM32CubeIDE/Application/STM32CubeIDE_1.15.1/STM32CubeIDE/plugins/com.st.stm32cube.ide.mcu.externaltools.gnu-tools-for-stm32.12.3.rel1.win32_1.0.100.202403111256/tools/bin/../lib/gcc/arm-none-eabi/12.3.1/thumb/v7-m/nofp/crtbegin.o
 *(.init)
 .init          0x0800378c        0x4 C:/D/Coding/STM32CubeIDE/Application/STM32CubeIDE_1.15.1/STM32CubeIDE/plugins/com.st.stm32cube.ide.mcu.externaltools.gnu-tools-for-stm32.12.3.rel1.win32_1.0.100.202403111256/tools/bin/../lib/gcc/arm-none-eabi/12.3.1/thumb/v7-m/nofp/crti.o
                0x0800378c                _init
 .init          0x08003790        0x8 C:/D/Coding/STM32CubeIDE/Application/STM32CubeIDE_1.15.1/STM32CubeIDE/plugins/com.st.stm32cube.ide.mcu.externaltools.gnu-tools-for-stm32.12.3.rel1.win32_1.0.100.202403111256/tools/bin/../lib/gcc/arm-none-eabi/12.3.1/thumb/v7-m/nofp/crtn.o
 *(.fini)
 .fini          0x08003798        0x4 C:/D/Coding/STM32CubeIDE/Application/STM32CubeIDE_1.15.1/STM32CubeIDE/plugins/com.st.stm32cube.ide.mcu.externaltools.gnu-tools-for-stm32.12.3.rel1.win32_1.0.100.202403111256/tools/bin/../lib/gcc/arm-none-eabi/12.3.1/thumb/v7-m/nofp/crti.o
                0x08003798                _fini
 .fini          0x0800379c        0x8 C:/D/Coding/STM32CubeIDE/Application/STM32CubeIDE_1.15.1/STM32CubeIDE/plugins/com.st.stm32cube.ide.mcu.externaltools.gnu-tools-for-stm32.12.3.rel1.win32_1.0.100.202403111256/tools/bin/../lib/gcc/arm-none-eabi/12.3.1/thumb/v7-m/nofp/crtn.o
                0x080037a4                        . = ALIGN (0x4)
                0x080037a4                        _etext = .

.vfp11_veneer   0x080037a4        0x0
 .vfp11_veneer  0x080037a4        0x0 linker stubs

.v4_bx          0x080037a4        0x0
 .v4_bx         0x080037a4        0x0 linker stubs

.iplt           0x080037a4        0x0
 .iplt          0x080037a4        0x0 C:/D/Coding/STM32CubeIDE/Application/STM32CubeIDE_1.15.1/STM32CubeIDE/plugins/com.st.stm32cube.ide.mcu.externaltools.gnu-tools-for-stm32.12.3.rel1.win32_1.0.100.202403111256/tools/bin/../lib/gcc/arm-none-eabi/12.3.1/thumb/v7-m/nofp/crtbegin.o

.rodata         0x080037a4       0xb8
                0x080037a4                        . = ALIGN (0x4)
 *(.rodata)
 .rodata        0x080037a4       0x70 ./Core/Src/main.o
 .rodata        0x08003814        0x5 ./Middlewares/Third_Party/FreeRTOS/Source/tasks.o
 *(.rodata*)
 *fill*         0x08003819        0x3 
 .rodata.keyMap
                0x0800381c       0x14 ./Core/Src/KeyPad.o
                0x0800381c                keyMap
 .rodata.AHBPrescTable
                0x08003830       0x10 ./Core/Src/system_stm32f1xx.o
                0x08003830                AHBPrescTable
 .rodata.APBPrescTable
                0x08003840        0x8 ./Core/Src/system_stm32f1xx.o
                0x08003840                APBPrescTable
 .rodata.aPLLMULFactorTable.1
                0x08003848       0x10 ./Drivers/STM32F1xx_HAL_Driver/Src/stm32f1xx_hal_rcc.o
 .rodata.aPredivFactorTable.0
                0x08003858        0x2 ./Drivers/STM32F1xx_HAL_Driver/Src/stm32f1xx_hal_rcc.o
                0x0800385c                        . = ALIGN (0x4)
 *fill*         0x0800385a        0x2 

.ARM.extab      0x0800385c        0x0
                0x0800385c                        . = ALIGN (0x4)
 *(.ARM.extab* .gnu.linkonce.armextab.*)
                0x0800385c                        . = ALIGN (0x4)

.ARM            0x0800385c        0x0
                0x0800385c                        . = ALIGN (0x4)
                0x0800385c                        __exidx_start = .
 *(.ARM.exidx*)
                0x0800385c                        __exidx_end = .
                0x0800385c                        . = ALIGN (0x4)

.preinit_array  0x0800385c        0x0
                0x0800385c                        . = ALIGN (0x4)
                0x0800385c                        PROVIDE (__preinit_array_start = .)
 *(.preinit_array*)
                0x0800385c                        PROVIDE (__preinit_array_end = .)
                0x0800385c                        . = ALIGN (0x4)

.init_array     0x0800385c        0x4
                0x0800385c                        . = ALIGN (0x4)
                0x0800385c                        PROVIDE (__init_array_start = .)
 *(SORT_BY_NAME(.init_array.*))
 *(.init_array*)
 .init_array    0x0800385c        0x4 C:/D/Coding/STM32CubeIDE/Application/STM32CubeIDE_1.15.1/STM32CubeIDE/plugins/com.st.stm32cube.ide.mcu.externaltools.gnu-tools-for-stm32.12.3.rel1.win32_1.0.100.202403111256/tools/bin/../lib/gcc/arm-none-eabi/12.3.1/thumb/v7-m/nofp/crtbegin.o
                0x08003860                        PROVIDE (__init_array_end = .)
                0x08003860                        . = ALIGN (0x4)

.fini_array     0x08003860        0x4
                0x08003860                        . = ALIGN (0x4)
                [!provide]                        PROVIDE (__fini_array_start = .)
 *(SORT_BY_NAME(.fini_array.*))
 *(.fini_array*)
 .fini_array    0x08003860        0x4 C:/D/Coding/STM32CubeIDE/Application/STM32CubeIDE_1.15.1/STM32CubeIDE/plugins/com.st.stm32cube.ide.mcu.externaltools.gnu-tools-for-stm32.12.3.rel1.win32_1.0.100.202403111256/tools/bin/../lib/gcc/arm-none-eabi/12.3.1/thumb/v7-m/nofp/crtbegin.o
                [!provide]                        PROVIDE (__fini_array_end = .)
                0x08003864                        . = ALIGN (0x4)
                0x08003864                        _sidata = LOADADDR (.data)

.rel.dyn        0x08003864        0x0
 .rel.iplt      0x08003864        0x0 C:/D/Coding/STM32CubeIDE/Application/STM32CubeIDE_1.15.1/STM32CubeIDE/plugins/com.st.stm32cube.ide.mcu.externaltools.gnu-tools-for-stm32.12.3.rel1.win32_1.0.100.202403111256/tools/bin/../lib/gcc/arm-none-eabi/12.3.1/thumb/v7-m/nofp/crtbegin.o

.data           0x20000000       0x70 load address 0x08003864
                0x20000000                        . = ALIGN (0x4)
                0x20000000                        _sdata = .
 *(.data)
 *(.data*)
 .data.digitMapWithDP
                0x20000000        0xa ./Core/Src/main.o
                0x20000000                digitMapWithDP
 .data.keyPressed
                0x2000000a        0x1 ./Core/Src/main.o
                0x2000000a                keyPressed
 *fill*         0x2000000b        0x1 
 .data.lcd_num  0x2000000c        0x4 ./Core/Src/main.o
                0x2000000c                lcd_num
 .data.SystemCoreClock
                0x20000010        0x4 ./Core/Src/system_stm32f1xx.o
                0x20000010                SystemCoreClock
 .data.uwTickPrio
                0x20000014        0x4 ./Drivers/STM32F1xx_HAL_Driver/Src/stm32f1xx_hal.o
                0x20000014                uwTickPrio
 .data.uwTickFreq
                0x20000018        0x1 ./Drivers/STM32F1xx_HAL_Driver/Src/stm32f1xx_hal.o
                0x20000018                uwTickFreq
 *fill*         0x20000019        0x3 
 .data.uxCriticalNesting
                0x2000001c        0x4 ./Middlewares/Third_Party/FreeRTOS/Source/portable/GCC/ARM_CM3/port.o
 .data._impure_ptr
                0x20000020        0x4 C:/D/Coding/STM32CubeIDE/Application/STM32CubeIDE_1.15.1/STM32CubeIDE/plugins/com.st.stm32cube.ide.mcu.externaltools.gnu-tools-for-stm32.12.3.rel1.win32_1.0.100.202403111256/tools/bin/../lib/gcc/arm-none-eabi/12.3.1/../../../../arm-none-eabi/lib/thumb/v7-m/nofp\libc_nano.a(libc_a-impure.o)
                0x20000020                _impure_ptr
 .data._impure_data
                0x20000024       0x4c C:/D/Coding/STM32CubeIDE/Application/STM32CubeIDE_1.15.1/STM32CubeIDE/plugins/com.st.stm32cube.ide.mcu.externaltools.gnu-tools-for-stm32.12.3.rel1.win32_1.0.100.202403111256/tools/bin/../lib/gcc/arm-none-eabi/12.3.1/../../../../arm-none-eabi/lib/thumb/v7-m/nofp\libc_nano.a(libc_a-impure.o)
                0x20000024                _impure_data
 *(.RamFunc)
 *(.RamFunc*)
                0x20000070                        . = ALIGN (0x4)
                0x20000070                        _edata = .

.igot.plt       0x20000070        0x0 load address 0x080038d4
 .igot.plt      0x20000070        0x0 C:/D/Coding/STM32CubeIDE/Application/STM32CubeIDE_1.15.1/STM32CubeIDE/plugins/com.st.stm32cube.ide.mcu.externaltools.gnu-tools-for-stm32.12.3.rel1.win32_1.0.100.202403111256/tools/bin/../lib/gcc/arm-none-eabi/12.3.1/thumb/v7-m/nofp/crtbegin.o
                0x20000070                        . = ALIGN (0x4)

.bss            0x20000070     0x125c load address 0x080038d4
                0x20000070                        _sbss = .
                0x20000070                        __bss_start__ = _sbss
 *(.bss)
 .bss           0x20000070       0x1c C:/D/Coding/STM32CubeIDE/Application/STM32CubeIDE_1.15.1/STM32CubeIDE/plugins/com.st.stm32cube.ide.mcu.externaltools.gnu-tools-for-stm32.12.3.rel1.win32_1.0.100.202403111256/tools/bin/../lib/gcc/arm-none-eabi/12.3.1/thumb/v7-m/nofp/crtbegin.o
 *(.bss*)
 .bss.lastDebounceTime
                0x2000008c        0x4 ./Core/Src/KeyPad.o
                0x2000008c                lastDebounceTime
 .bss.xIdleTaskTCBBuffer
                0x20000090       0xa0 ./Core/Src/freertos.o
 .bss.xIdleStack
                0x20000130      0x200 ./Core/Src/freertos.o
 .bss.hspi1     0x20000330       0x58 ./Core/Src/main.o
                0x20000330                hspi1
 .bss.hspi2     0x20000388       0x58 ./Core/Src/main.o
                0x20000388                hspi2
 .bss.SevenSegsHandle
                0x200003e0        0x4 ./Core/Src/main.o
                0x200003e0                SevenSegsHandle
 .bss.KeyBoardHandle
                0x200003e4        0x4 ./Core/Src/main.o
                0x200003e4                KeyBoardHandle
 .bss.LCDHandle
                0x200003e8        0x4 ./Core/Src/main.o
                0x200003e8                LCDHandle
 .bss.output.0  0x200003ec        0x8 ./Core/Src/main.o
 .bss.htim3     0x200003f4       0x48 ./Core/Src/stm32f1xx_hal_timebase_tim.o
                0x200003f4                htim3
 .bss.uwTick    0x2000043c        0x4 ./Drivers/STM32F1xx_HAL_Driver/Src/stm32f1xx_hal.o
                0x2000043c                uwTick
 .bss.pxCurrentTCB
                0x20000440        0x4 ./Middlewares/Third_Party/FreeRTOS/Source/tasks.o
                0x20000440                pxCurrentTCB
 .bss.pxReadyTasksLists
                0x20000444       0x8c ./Middlewares/Third_Party/FreeRTOS/Source/tasks.o
 .bss.xDelayedTaskList1
                0x200004d0       0x14 ./Middlewares/Third_Party/FreeRTOS/Source/tasks.o
 .bss.xDelayedTaskList2
                0x200004e4       0x14 ./Middlewares/Third_Party/FreeRTOS/Source/tasks.o
 .bss.pxDelayedTaskList
                0x200004f8        0x4 ./Middlewares/Third_Party/FreeRTOS/Source/tasks.o
 .bss.pxOverflowDelayedTaskList
                0x200004fc        0x4 ./Middlewares/Third_Party/FreeRTOS/Source/tasks.o
 .bss.xPendingReadyList
                0x20000500       0x14 ./Middlewares/Third_Party/FreeRTOS/Source/tasks.o
 .bss.xTasksWaitingTermination
                0x20000514       0x14 ./Middlewares/Third_Party/FreeRTOS/Source/tasks.o
 .bss.uxDeletedTasksWaitingCleanUp
                0x20000528        0x4 ./Middlewares/Third_Party/FreeRTOS/Source/tasks.o
 .bss.xSuspendedTaskList
                0x2000052c       0x14 ./Middlewares/Third_Party/FreeRTOS/Source/tasks.o
 .bss.uxCurrentNumberOfTasks
                0x20000540        0x4 ./Middlewares/Third_Party/FreeRTOS/Source/tasks.o
 .bss.xTickCount
                0x20000544        0x4 ./Middlewares/Third_Party/FreeRTOS/Source/tasks.o
 .bss.uxTopReadyPriority
                0x20000548        0x4 ./Middlewares/Third_Party/FreeRTOS/Source/tasks.o
 .bss.xSchedulerRunning
                0x2000054c        0x4 ./Middlewares/Third_Party/FreeRTOS/Source/tasks.o
 .bss.uxPendedTicks
                0x20000550        0x4 ./Middlewares/Third_Party/FreeRTOS/Source/tasks.o
 .bss.xYieldPending
                0x20000554        0x4 ./Middlewares/Third_Party/FreeRTOS/Source/tasks.o
 .bss.xNumOfOverflows
                0x20000558        0x4 ./Middlewares/Third_Party/FreeRTOS/Source/tasks.o
 .bss.uxTaskNumber
                0x2000055c        0x4 ./Middlewares/Third_Party/FreeRTOS/Source/tasks.o
 .bss.xNextTaskUnblockTime
                0x20000560        0x4 ./Middlewares/Third_Party/FreeRTOS/Source/tasks.o
 .bss.xIdleTaskHandle
                0x20000564        0x4 ./Middlewares/Third_Party/FreeRTOS/Source/tasks.o
 .bss.uxSchedulerSuspended
                0x20000568        0x4 ./Middlewares/Third_Party/FreeRTOS/Source/tasks.o
 .bss.ucMaxSysCallPriority
                0x2000056c        0x1 ./Middlewares/Third_Party/FreeRTOS/Source/portable/GCC/ARM_CM3/port.o
 *fill*         0x2000056d        0x3 
 .bss.ulMaxPRIGROUPValue
                0x20000570        0x4 ./Middlewares/Third_Party/FreeRTOS/Source/portable/GCC/ARM_CM3/port.o
 .bss.ucHeap    0x20000574      0xc00 ./Middlewares/Third_Party/FreeRTOS/Source/portable/MemMang/heap_4.o
 .bss.xStart    0x20001174        0x8 ./Middlewares/Third_Party/FreeRTOS/Source/portable/MemMang/heap_4.o
 .bss.pxEnd     0x2000117c        0x4 ./Middlewares/Third_Party/FreeRTOS/Source/portable/MemMang/heap_4.o
 .bss.xFreeBytesRemaining
                0x20001180        0x4 ./Middlewares/Third_Party/FreeRTOS/Source/portable/MemMang/heap_4.o
 .bss.xMinimumEverFreeBytesRemaining
                0x20001184        0x4 ./Middlewares/Third_Party/FreeRTOS/Source/portable/MemMang/heap_4.o
 .bss.xBlockAllocatedBit
                0x20001188        0x4 ./Middlewares/Third_Party/FreeRTOS/Source/portable/MemMang/heap_4.o
 .bss.__sf      0x2000118c      0x138 C:/D/Coding/STM32CubeIDE/Application/STM32CubeIDE_1.15.1/STM32CubeIDE/plugins/com.st.stm32cube.ide.mcu.externaltools.gnu-tools-for-stm32.12.3.rel1.win32_1.0.100.202403111256/tools/bin/../lib/gcc/arm-none-eabi/12.3.1/../../../../arm-none-eabi/lib/thumb/v7-m/nofp\libc_nano.a(libc_a-findfp.o)
                0x2000118c                __sf
 .bss.__lock___malloc_recursive_mutex
                0x200012c4        0x1 C:/D/Coding/STM32CubeIDE/Application/STM32CubeIDE_1.15.1/STM32CubeIDE/plugins/com.st.stm32cube.ide.mcu.externaltools.gnu-tools-for-stm32.12.3.rel1.win32_1.0.100.202403111256/tools/bin/../lib/gcc/arm-none-eabi/12.3.1/../../../../arm-none-eabi/lib/thumb/v7-m/nofp\libc_nano.a(libc_a-lock.o)
                0x200012c4                __lock___malloc_recursive_mutex
 *fill*         0x200012c5        0x3 
 .bss.__malloc_free_list
                0x200012c8        0x4 C:/D/Coding/STM32CubeIDE/Application/STM32CubeIDE_1.15.1/STM32CubeIDE/plugins/com.st.stm32cube.ide.mcu.externaltools.gnu-tools-for-stm32.12.3.rel1.win32_1.0.100.202403111256/tools/bin/../lib/gcc/arm-none-eabi/12.3.1/../../../../arm-none-eabi/lib/thumb/v7-m/nofp\libc_nano.a(libc_a-mallocr.o)
                0x200012c8                __malloc_free_list
 *(COMMON)
                0x200012cc                        . = ALIGN (0x4)
                0x200012cc                        _ebss = .
                0x200012cc                        __bss_end__ = _ebss

._user_heap_stack
                0x200012cc      0x604 load address 0x080038d4
                0x200012d0                        . = ALIGN (0x8)
 *fill*         0x200012cc        0x4 
                [!provide]                        PROVIDE (end = .)
                0x200012d0                        PROVIDE (_end = .)
                0x200014d0                        . = (. + _Min_Heap_Size)
 *fill*         0x200012d0      0x200 
                0x200018d0                        . = (. + _Min_Stack_Size)
 *fill*         0x200014d0      0x400 
                0x200018d0                        . = ALIGN (0x8)

/DISCARD/
 libc.a(*)
 libm.a(*)
 libgcc.a(*)

.ARM.attributes
                0x00000000       0x29
 *(.ARM.attributes)
 .ARM.attributes
                0x00000000       0x1d C:/D/Coding/STM32CubeIDE/Application/STM32CubeIDE_1.15.1/STM32CubeIDE/plugins/com.st.stm32cube.ide.mcu.externaltools.gnu-tools-for-stm32.12.3.rel1.win32_1.0.100.202403111256/tools/bin/../lib/gcc/arm-none-eabi/12.3.1/thumb/v7-m/nofp/crti.o
 .ARM.attributes
                0x0000001d       0x2d C:/D/Coding/STM32CubeIDE/Application/STM32CubeIDE_1.15.1/STM32CubeIDE/plugins/com.st.stm32cube.ide.mcu.externaltools.gnu-tools-for-stm32.12.3.rel1.win32_1.0.100.202403111256/tools/bin/../lib/gcc/arm-none-eabi/12.3.1/thumb/v7-m/nofp/crtbegin.o
 .ARM.attributes
                0x0000004a       0x2d ./Core/Src/KeyPad.o
 .ARM.attributes
                0x00000077       0x2d ./Core/Src/freertos.o
 .ARM.attributes
                0x000000a4       0x2d ./Core/Src/main.o
 .ARM.attributes
                0x000000d1       0x2d ./Core/Src/stm32f1xx_hal_msp.o
 .ARM.attributes
                0x000000fe       0x2d ./Core/Src/stm32f1xx_hal_timebase_tim.o
 .ARM.attributes
                0x0000012b       0x2d ./Core/Src/stm32f1xx_it.o
 .ARM.attributes
                0x00000158       0x2d ./Core/Src/system_stm32f1xx.o
 .ARM.attributes
                0x00000185       0x21 ./Core/Startup/startup_stm32f103c8tx.o
 .ARM.attributes
                0x000001a6       0x2d ./Drivers/STM32F1xx_HAL_Driver/Src/stm32f1xx_hal.o
 .ARM.attributes
                0x000001d3       0x2d ./Drivers/STM32F1xx_HAL_Driver/Src/stm32f1xx_hal_cortex.o
 .ARM.attributes
                0x00000200       0x2d ./Drivers/STM32F1xx_HAL_Driver/Src/stm32f1xx_hal_gpio.o
 .ARM.attributes
                0x0000022d       0x2d ./Drivers/STM32F1xx_HAL_Driver/Src/stm32f1xx_hal_rcc.o
 .ARM.attributes
                0x0000025a       0x2d ./Drivers/STM32F1xx_HAL_Driver/Src/stm32f1xx_hal_spi.o
 .ARM.attributes
                0x00000287       0x2d ./Drivers/STM32F1xx_HAL_Driver/Src/stm32f1xx_hal_tim.o
 .ARM.attributes
                0x000002b4       0x2d ./Drivers/STM32F1xx_HAL_Driver/Src/stm32f1xx_hal_tim_ex.o
 .ARM.attributes
                0x000002e1       0x2d ./Middlewares/Third_Party/FreeRTOS/Source/CMSIS_RTOS/cmsis_os.o
 .ARM.attributes
                0x0000030e       0x2d ./Middlewares/Third_Party/FreeRTOS/Source/list.o
 .ARM.attributes
                0x0000033b       0x2d ./Middlewares/Third_Party/FreeRTOS/Source/tasks.o
 .ARM.attributes
                0x00000368       0x2d ./Middlewares/Third_Party/FreeRTOS/Source/portable/GCC/ARM_CM3/port.o
 .ARM.attributes
                0x00000395       0x2d ./Middlewares/Third_Party/FreeRTOS/Source/portable/MemMang/heap_4.o
 .ARM.attributes
                0x000003c2       0x2d C:/D/Coding/STM32CubeIDE/Application/STM32CubeIDE_1.15.1/STM32CubeIDE/plugins/com.st.stm32cube.ide.mcu.externaltools.gnu-tools-for-stm32.12.3.rel1.win32_1.0.100.202403111256/tools/bin/../lib/gcc/arm-none-eabi/12.3.1/../../../../arm-none-eabi/lib/thumb/v7-m/nofp\libc_nano.a(libc_a-findfp.o)
 .ARM.attributes
                0x000003ef       0x2d C:/D/Coding/STM32CubeIDE/Application/STM32CubeIDE_1.15.1/STM32CubeIDE/plugins/com.st.stm32cube.ide.mcu.externaltools.gnu-tools-for-stm32.12.3.rel1.win32_1.0.100.202403111256/tools/bin/../lib/gcc/arm-none-eabi/12.3.1/../../../../arm-none-eabi/lib/thumb/v7-m/nofp\libc_nano.a(libc_a-memset.o)
 .ARM.attributes
                0x0000041c       0x2d C:/D/Coding/STM32CubeIDE/Application/STM32CubeIDE_1.15.1/STM32CubeIDE/plugins/com.st.stm32cube.ide.mcu.externaltools.gnu-tools-for-stm32.12.3.rel1.win32_1.0.100.202403111256/tools/bin/../lib/gcc/arm-none-eabi/12.3.1/../../../../arm-none-eabi/lib/thumb/v7-m/nofp\libc_nano.a(libc_a-reent.o)
 .ARM.attributes
                0x00000449       0x2d C:/D/Coding/STM32CubeIDE/Application/STM32CubeIDE_1.15.1/STM32CubeIDE/plugins/com.st.stm32cube.ide.mcu.externaltools.gnu-tools-for-stm32.12.3.rel1.win32_1.0.100.202403111256/tools/bin/../lib/gcc/arm-none-eabi/12.3.1/../../../../arm-none-eabi/lib/thumb/v7-m/nofp\libc_nano.a(libc_a-impure.o)
 .ARM.attributes
                0x00000476       0x2d C:/D/Coding/STM32CubeIDE/Application/STM32CubeIDE_1.15.1/STM32CubeIDE/plugins/com.st.stm32cube.ide.mcu.externaltools.gnu-tools-for-stm32.12.3.rel1.win32_1.0.100.202403111256/tools/bin/../lib/gcc/arm-none-eabi/12.3.1/../../../../arm-none-eabi/lib/thumb/v7-m/nofp\libc_nano.a(libc_a-init.o)
 .ARM.attributes
                0x000004a3       0x2d C:/D/Coding/STM32CubeIDE/Application/STM32CubeIDE_1.15.1/STM32CubeIDE/plugins/com.st.stm32cube.ide.mcu.externaltools.gnu-tools-for-stm32.12.3.rel1.win32_1.0.100.202403111256/tools/bin/../lib/gcc/arm-none-eabi/12.3.1/../../../../arm-none-eabi/lib/thumb/v7-m/nofp\libc_nano.a(libc_a-lock.o)
 .ARM.attributes
                0x000004d0       0x2d C:/D/Coding/STM32CubeIDE/Application/STM32CubeIDE_1.15.1/STM32CubeIDE/plugins/com.st.stm32cube.ide.mcu.externaltools.gnu-tools-for-stm32.12.3.rel1.win32_1.0.100.202403111256/tools/bin/../lib/gcc/arm-none-eabi/12.3.1/../../../../arm-none-eabi/lib/thumb/v7-m/nofp\libc_nano.a(libc_a-freer.o)
 .ARM.attributes
                0x000004fd       0x2d C:/D/Coding/STM32CubeIDE/Application/STM32CubeIDE_1.15.1/STM32CubeIDE/plugins/com.st.stm32cube.ide.mcu.externaltools.gnu-tools-for-stm32.12.3.rel1.win32_1.0.100.202403111256/tools/bin/../lib/gcc/arm-none-eabi/12.3.1/../../../../arm-none-eabi/lib/thumb/v7-m/nofp\libc_nano.a(libc_a-mallocr.o)
 .ARM.attributes
                0x0000052a       0x2d C:/D/Coding/STM32CubeIDE/Application/STM32CubeIDE_1.15.1/STM32CubeIDE/plugins/com.st.stm32cube.ide.mcu.externaltools.gnu-tools-for-stm32.12.3.rel1.win32_1.0.100.202403111256/tools/bin/../lib/gcc/arm-none-eabi/12.3.1/../../../../arm-none-eabi/lib/thumb/v7-m/nofp\libc_nano.a(libc_a-mlock.o)
 .ARM.attributes
                0x00000557       0x1d C:/D/Coding/STM32CubeIDE/Application/STM32CubeIDE_1.15.1/STM32CubeIDE/plugins/com.st.stm32cube.ide.mcu.externaltools.gnu-tools-for-stm32.12.3.rel1.win32_1.0.100.202403111256/tools/bin/../lib/gcc/arm-none-eabi/12.3.1/thumb/v7-m/nofp/crtn.o
OUTPUT(STM32F103C8T6.elf elf32-littlearm)
LOAD linker stubs
LOAD C:/D/Coding/STM32CubeIDE/Application/STM32CubeIDE_1.15.1/STM32CubeIDE/plugins/com.st.stm32cube.ide.mcu.externaltools.gnu-tools-for-stm32.12.3.rel1.win32_1.0.100.202403111256/tools/bin/../lib/gcc/arm-none-eabi/12.3.1/../../../../arm-none-eabi/lib/thumb/v7-m/nofp\libc.a
LOAD C:/D/Coding/STM32CubeIDE/Application/STM32CubeIDE_1.15.1/STM32CubeIDE/plugins/com.st.stm32cube.ide.mcu.externaltools.gnu-tools-for-stm32.12.3.rel1.win32_1.0.100.202403111256/tools/bin/../lib/gcc/arm-none-eabi/12.3.1/../../../../arm-none-eabi/lib/thumb/v7-m/nofp\libm.a
LOAD C:/D/Coding/STM32CubeIDE/Application/STM32CubeIDE_1.15.1/STM32CubeIDE/plugins/com.st.stm32cube.ide.mcu.externaltools.gnu-tools-for-stm32.12.3.rel1.win32_1.0.100.202403111256/tools/bin/../lib/gcc/arm-none-eabi/12.3.1/thumb/v7-m/nofp\libgcc.a

.debug_info     0x00000000    0x1034d
 .debug_info    0x00000000      0x2be ./Core/Src/KeyPad.o
 .debug_info    0x000002be      0x919 ./Core/Src/freertos.o
 .debug_info    0x00000bd7     0x19fd ./Core/Src/main.o
 .debug_info    0x000025d4      0x9be ./Core/Src/stm32f1xx_hal_msp.o
 .debug_info    0x00002f92      0x9a8 ./Core/Src/stm32f1xx_hal_timebase_tim.o
 .debug_info    0x0000393a      0x66a ./Core/Src/stm32f1xx_it.o
 .debug_info    0x00003fa4      0x222 ./Core/Src/system_stm32f1xx.o
 .debug_info    0x000041c6       0x30 ./Core/Startup/startup_stm32f103c8tx.o
 .debug_info    0x000041f6      0x704 ./Drivers/STM32F1xx_HAL_Driver/Src/stm32f1xx_hal.o
 .debug_info    0x000048fa      0xa87 ./Drivers/STM32F1xx_HAL_Driver/Src/stm32f1xx_hal_cortex.o
 .debug_info    0x00005381      0x5ab ./Drivers/STM32F1xx_HAL_Driver/Src/stm32f1xx_hal_gpio.o
 .debug_info    0x0000592c      0x7d5 ./Drivers/STM32F1xx_HAL_Driver/Src/stm32f1xx_hal_rcc.o
 .debug_info    0x00006101     0x1503 ./Drivers/STM32F1xx_HAL_Driver/Src/stm32f1xx_hal_spi.o
 .debug_info    0x00007604     0x293b ./Drivers/STM32F1xx_HAL_Driver/Src/stm32f1xx_hal_tim.o
 .debug_info    0x00009f3f     0x149b ./Drivers/STM32F1xx_HAL_Driver/Src/stm32f1xx_hal_tim_ex.o
 .debug_info    0x0000b3da     0x21bf ./Middlewares/Third_Party/FreeRTOS/Source/CMSIS_RTOS/cmsis_os.o
 .debug_info    0x0000d599      0x2aa ./Middlewares/Third_Party/FreeRTOS/Source/list.o
 .debug_info    0x0000d843     0x22b3 ./Middlewares/Third_Party/FreeRTOS/Source/tasks.o
 .debug_info    0x0000faf6      0x494 ./Middlewares/Third_Party/FreeRTOS/Source/portable/GCC/ARM_CM3/port.o
 .debug_info    0x0000ff8a      0x3c3 ./Middlewares/Third_Party/FreeRTOS/Source/portable/MemMang/heap_4.o

.debug_abbrev   0x00000000     0x2b64
 .debug_abbrev  0x00000000      0x1b7 ./Core/Src/KeyPad.o
 .debug_abbrev  0x000001b7      0x16f ./Core/Src/freertos.o
 .debug_abbrev  0x00000326      0x37f ./Core/Src/main.o
 .debug_abbrev  0x000006a5      0x1c2 ./Core/Src/stm32f1xx_hal_msp.o
 .debug_abbrev  0x00000867      0x1f3 ./Core/Src/stm32f1xx_hal_timebase_tim.o
 .debug_abbrev  0x00000a5a      0x17c ./Core/Src/stm32f1xx_it.o
 .debug_abbrev  0x00000bd6      0x13f ./Core/Src/system_stm32f1xx.o
 .debug_abbrev  0x00000d15       0x24 ./Core/Startup/startup_stm32f103c8tx.o
 .debug_abbrev  0x00000d39      0x201 ./Drivers/STM32F1xx_HAL_Driver/Src/stm32f1xx_hal.o
 .debug_abbrev  0x00000f3a      0x2f8 ./Drivers/STM32F1xx_HAL_Driver/Src/stm32f1xx_hal_cortex.o
 .debug_abbrev  0x00001232      0x1ca ./Drivers/STM32F1xx_HAL_Driver/Src/stm32f1xx_hal_gpio.o
 .debug_abbrev  0x000013fc      0x2b3 ./Drivers/STM32F1xx_HAL_Driver/Src/stm32f1xx_hal_rcc.o
 .debug_abbrev  0x000016af      0x284 ./Drivers/STM32F1xx_HAL_Driver/Src/stm32f1xx_hal_spi.o
 .debug_abbrev  0x00001933      0x277 ./Drivers/STM32F1xx_HAL_Driver/Src/stm32f1xx_hal_tim.o
 .debug_abbrev  0x00001baa      0x282 ./Drivers/STM32F1xx_HAL_Driver/Src/stm32f1xx_hal_tim_ex.o
 .debug_abbrev  0x00001e2c      0x416 ./Middlewares/Third_Party/FreeRTOS/Source/CMSIS_RTOS/cmsis_os.o
 .debug_abbrev  0x00002242       0xf5 ./Middlewares/Third_Party/FreeRTOS/Source/list.o
 .debug_abbrev  0x00002337      0x3d0 ./Middlewares/Third_Party/FreeRTOS/Source/tasks.o
 .debug_abbrev  0x00002707      0x258 ./Middlewares/Third_Party/FreeRTOS/Source/portable/GCC/ARM_CM3/port.o
 .debug_abbrev  0x0000295f      0x205 ./Middlewares/Third_Party/FreeRTOS/Source/portable/MemMang/heap_4.o

.debug_aranges  0x00000000     0x1030
 .debug_aranges
                0x00000000       0x28 ./Core/Src/KeyPad.o
 .debug_aranges
                0x00000028       0x20 ./Core/Src/freertos.o
 .debug_aranges
                0x00000048       0x90 ./Core/Src/main.o
 .debug_aranges
                0x000000d8       0x30 ./Core/Src/stm32f1xx_hal_msp.o
 .debug_aranges
                0x00000108       0x30 ./Core/Src/stm32f1xx_hal_timebase_tim.o
 .debug_aranges
                0x00000138       0x50 ./Core/Src/stm32f1xx_it.o
 .debug_aranges
                0x00000188       0x28 ./Core/Src/system_stm32f1xx.o
 .debug_aranges
                0x000001b0       0x28 ./Core/Startup/startup_stm32f103c8tx.o
 .debug_aranges
                0x000001d8       0xe0 ./Drivers/STM32F1xx_HAL_Driver/Src/stm32f1xx_hal.o
 .debug_aranges
                0x000002b8      0x100 ./Drivers/STM32F1xx_HAL_Driver/Src/stm32f1xx_hal_cortex.o
 .debug_aranges
                0x000003b8       0x58 ./Drivers/STM32F1xx_HAL_Driver/Src/stm32f1xx_hal_gpio.o
 .debug_aranges
                0x00000410       0x90 ./Drivers/STM32F1xx_HAL_Driver/Src/stm32f1xx_hal_rcc.o
 .debug_aranges
                0x000004a0      0x1d0 ./Drivers/STM32F1xx_HAL_Driver/Src/stm32f1xx_hal_spi.o
 .debug_aranges
                0x00000670      0x3d0 ./Drivers/STM32F1xx_HAL_Driver/Src/stm32f1xx_hal_tim.o
 .debug_aranges
                0x00000a40      0x168 ./Drivers/STM32F1xx_HAL_Driver/Src/stm32f1xx_hal_tim_ex.o
 .debug_aranges
                0x00000ba8      0x1d8 ./Middlewares/Third_Party/FreeRTOS/Source/CMSIS_RTOS/cmsis_os.o
 .debug_aranges
                0x00000d80       0x40 ./Middlewares/Third_Party/FreeRTOS/Source/list.o
 .debug_aranges
                0x00000dc0      0x1a8 ./Middlewares/Third_Party/FreeRTOS/Source/tasks.o
 .debug_aranges
                0x00000f68       0x78 ./Middlewares/Third_Party/FreeRTOS/Source/portable/GCC/ARM_CM3/port.o
 .debug_aranges
                0x00000fe0       0x50 ./Middlewares/Third_Party/FreeRTOS/Source/portable/MemMang/heap_4.o

.debug_rnglists
                0x00000000      0xc72
 .debug_rnglists
                0x00000000       0x1a ./Core/Src/KeyPad.o
 .debug_rnglists
                0x0000001a       0x13 ./Core/Src/freertos.o
 .debug_rnglists
                0x0000002d       0x6b ./Core/Src/main.o
 .debug_rnglists
                0x00000098       0x20 ./Core/Src/stm32f1xx_hal_msp.o
 .debug_rnglists
                0x000000b8       0x20 ./Core/Src/stm32f1xx_hal_timebase_tim.o
 .debug_rnglists
                0x000000d8       0x37 ./Core/Src/stm32f1xx_it.o
 .debug_rnglists
                0x0000010f       0x1a ./Core/Src/system_stm32f1xx.o
 .debug_rnglists
                0x00000129       0x19 ./Core/Startup/startup_stm32f103c8tx.o
 .debug_rnglists
                0x00000142       0xa3 ./Drivers/STM32F1xx_HAL_Driver/Src/stm32f1xx_hal.o
 .debug_rnglists
                0x000001e5       0xbb ./Drivers/STM32F1xx_HAL_Driver/Src/stm32f1xx_hal_cortex.o
 .debug_rnglists
                0x000002a0       0x3f ./Drivers/STM32F1xx_HAL_Driver/Src/stm32f1xx_hal_gpio.o
 .debug_rnglists
                0x000002df       0x6c ./Drivers/STM32F1xx_HAL_Driver/Src/stm32f1xx_hal_rcc.o
 .debug_rnglists
                0x0000034b      0x16e ./Drivers/STM32F1xx_HAL_Driver/Src/stm32f1xx_hal_spi.o
 .debug_rnglists
                0x000004b9      0x31a ./Drivers/STM32F1xx_HAL_Driver/Src/stm32f1xx_hal_tim.o
 .debug_rnglists
                0x000007d3      0x125 ./Drivers/STM32F1xx_HAL_Driver/Src/stm32f1xx_hal_tim_ex.o
 .debug_rnglists
                0x000008f8      0x16a ./Middlewares/Third_Party/FreeRTOS/Source/CMSIS_RTOS/cmsis_os.o
 .debug_rnglists
                0x00000a62       0x2b ./Middlewares/Third_Party/FreeRTOS/Source/list.o
 .debug_rnglists
                0x00000a8d      0x153 ./Middlewares/Third_Party/FreeRTOS/Source/tasks.o
 .debug_rnglists
                0x00000be0       0x57 ./Middlewares/Third_Party/FreeRTOS/Source/portable/GCC/ARM_CM3/port.o
 .debug_rnglists
                0x00000c37       0x3b ./Middlewares/Third_Party/FreeRTOS/Source/portable/MemMang/heap_4.o

.debug_macro    0x00000000    0x1938d
 .debug_macro   0x00000000      0x1b3 ./Core/Src/KeyPad.o
 .debug_macro   0x000001b3      0xaa8 ./Core/Src/KeyPad.o
 .debug_macro   0x00000c5b      0x21b ./Core/Src/KeyPad.o
 .debug_macro   0x00000e76       0x2e ./Core/Src/KeyPad.o
 .debug_macro   0x00000ea4       0x22 ./Core/Src/KeyPad.o
 .debug_macro   0x00000ec6       0x22 ./Core/Src/KeyPad.o
 .debug_macro   0x00000ee8       0x8e ./Core/Src/KeyPad.o
 .debug_macro   0x00000f76       0x51 ./Core/Src/KeyPad.o
 .debug_macro   0x00000fc7      0x103 ./Core/Src/KeyPad.o
 .debug_macro   0x000010ca       0x6a ./Core/Src/KeyPad.o
 .debug_macro   0x00001134      0x1df ./Core/Src/KeyPad.o
 .debug_macro   0x00001313       0x1c ./Core/Src/KeyPad.o
 .debug_macro   0x0000132f       0x22 ./Core/Src/KeyPad.o
 .debug_macro   0x00001351       0xbd ./Core/Src/KeyPad.o
 .debug_macro   0x0000140e      0xd23 ./Core/Src/KeyPad.o
 .debug_macro   0x00002131     0xe09e ./Core/Src/KeyPad.o
 .debug_macro   0x000101cf       0x6d ./Core/Src/KeyPad.o
 .debug_macro   0x0001023c     0x348d ./Core/Src/KeyPad.o
 .debug_macro   0x000136c9      0x189 ./Core/Src/KeyPad.o
 .debug_macro   0x00013852       0x5c ./Core/Src/KeyPad.o
 .debug_macro   0x000138ae      0x5bc ./Core/Src/KeyPad.o
 .debug_macro   0x00013e6a      0x289 ./Core/Src/KeyPad.o
 .debug_macro   0x000140f3      0x1cb ./Core/Src/KeyPad.o
 .debug_macro   0x000142be      0x114 ./Core/Src/KeyPad.o
 .debug_macro   0x000143d2      0x1b2 ./Core/Src/KeyPad.o
 .debug_macro   0x00014584       0x27 ./Core/Src/KeyPad.o
 .debug_macro   0x000145ab      0x136 ./Core/Src/KeyPad.o
 .debug_macro   0x000146e1      0x1bc ./Core/Src/KeyPad.o
 .debug_macro   0x0001489d       0x34 ./Core/Src/KeyPad.o
 .debug_macro   0x000148d1       0x3c ./Core/Src/KeyPad.o
 .debug_macro   0x0001490d       0x57 ./Core/Src/KeyPad.o
 .debug_macro   0x00014964       0x87 ./Core/Src/KeyPad.o
 .debug_macro   0x000149eb      0x240 ./Core/Src/KeyPad.o
 .debug_macro   0x00014c2b      0x140 ./Core/Src/KeyPad.o
 .debug_macro   0x00014d6b      0x217 ./Core/Src/KeyPad.o
 .debug_macro   0x00014f82      0x8ed ./Core/Src/KeyPad.o
 .debug_macro   0x0001586f       0x83 ./Core/Src/KeyPad.o
 .debug_macro   0x000158f2      0x2b7 ./Core/Src/freertos.o
 .debug_macro   0x00015ba9       0xdc ./Core/Src/freertos.o
 .debug_macro   0x00015c85      0x15a ./Core/Src/freertos.o
 .debug_macro   0x00015ddf       0xd7 ./Core/Src/freertos.o
 .debug_macro   0x00015eb6       0x10 ./Core/Src/freertos.o
 .debug_macro   0x00015ec6       0x1f ./Core/Src/freertos.o
 .debug_macro   0x00015ee5       0x61 ./Core/Src/freertos.o
 .debug_macro   0x00015f46       0x24 ./Core/Src/freertos.o
 .debug_macro   0x00015f6a       0x43 ./Core/Src/freertos.o
 .debug_macro   0x00015fad       0x34 ./Core/Src/freertos.o
 .debug_macro   0x00015fe1       0x16 ./Core/Src/freertos.o
 .debug_macro   0x00015ff7       0x43 ./Core/Src/freertos.o
 .debug_macro   0x0001603a       0x34 ./Core/Src/freertos.o
 .debug_macro   0x0001606e       0x10 ./Core/Src/freertos.o
 .debug_macro   0x0001607e       0x58 ./Core/Src/freertos.o
 .debug_macro   0x000160d6       0x8e ./Core/Src/freertos.o
 .debug_macro   0x00016164       0x1c ./Core/Src/freertos.o
 .debug_macro   0x00016180      0x177 ./Core/Src/freertos.o
 .debug_macro   0x000162f7       0x10 ./Core/Src/freertos.o
 .debug_macro   0x00016307       0x35 ./Core/Src/freertos.o
 .debug_macro   0x0001633c      0x4b1 ./Core/Src/freertos.o
 .debug_macro   0x000167ed       0xb5 ./Core/Src/freertos.o
 .debug_macro   0x000168a2       0x8c ./Core/Src/freertos.o
 .debug_macro   0x0001692e       0x94 ./Core/Src/freertos.o
 .debug_macro   0x000169c2      0x35d ./Core/Src/main.o
 .debug_macro   0x00016d1f       0xdc ./Core/Src/main.o
 .debug_macro   0x00016dfb       0x91 ./Core/Src/main.o
 .debug_macro   0x00016e8c       0x8d ./Core/Src/main.o
 .debug_macro   0x00016f19       0x7e ./Core/Src/main.o
 .debug_macro   0x00016f97       0x19 ./Core/Src/main.o
 .debug_macro   0x00016fb0       0xf2 ./Core/Src/main.o
 .debug_macro   0x000170a2       0x1c ./Core/Src/main.o
 .debug_macro   0x000170be      0x369 ./Core/Src/main.o
 .debug_macro   0x00017427       0x10 ./Core/Src/main.o
 .debug_macro   0x00017437       0x1c ./Core/Src/main.o
 .debug_macro   0x00017453       0x16 ./Core/Src/main.o
 .debug_macro   0x00017469      0x146 ./Core/Src/main.o
 .debug_macro   0x000175af      0x1b2 ./Core/Src/stm32f1xx_hal_msp.o
 .debug_macro   0x00017761      0x1a3 ./Core/Src/stm32f1xx_hal_timebase_tim.o
 .debug_macro   0x00017904      0x1bc ./Core/Src/stm32f1xx_it.o
 .debug_macro   0x00017ac0      0x1a3 ./Core/Src/system_stm32f1xx.o
 .debug_macro   0x00017c63      0x1c7 ./Drivers/STM32F1xx_HAL_Driver/Src/stm32f1xx_hal.o
 .debug_macro   0x00017e2a      0x1a3 ./Drivers/STM32F1xx_HAL_Driver/Src/stm32f1xx_hal_cortex.o
 .debug_macro   0x00017fcd      0x20e ./Drivers/STM32F1xx_HAL_Driver/Src/stm32f1xx_hal_gpio.o
 .debug_macro   0x000181db      0x1b5 ./Drivers/STM32F1xx_HAL_Driver/Src/stm32f1xx_hal_rcc.o
 .debug_macro   0x00018390      0x1ab ./Drivers/STM32F1xx_HAL_Driver/Src/stm32f1xx_hal_spi.o
 .debug_macro   0x0001853b      0x1a4 ./Drivers/STM32F1xx_HAL_Driver/Src/stm32f1xx_hal_tim.o
 .debug_macro   0x000186df      0x1a3 ./Drivers/STM32F1xx_HAL_Driver/Src/stm32f1xx_hal_tim_ex.o
 .debug_macro   0x00018882      0x210 ./Middlewares/Third_Party/FreeRTOS/Source/CMSIS_RTOS/cmsis_os.o
 .debug_macro   0x00018a92       0x10 ./Middlewares/Third_Party/FreeRTOS/Source/CMSIS_RTOS/cmsis_os.o
 .debug_macro   0x00018aa2       0x20 ./Middlewares/Third_Party/FreeRTOS/Source/CMSIS_RTOS/cmsis_os.o
 .debug_macro   0x00018ac2       0x16 ./Middlewares/Third_Party/FreeRTOS/Source/CMSIS_RTOS/cmsis_os.o
 .debug_macro   0x00018ad8       0xab ./Middlewares/Third_Party/FreeRTOS/Source/CMSIS_RTOS/cmsis_os.o
 .debug_macro   0x00018b83      0x199 ./Middlewares/Third_Party/FreeRTOS/Source/list.o
 .debug_macro   0x00018d1c      0x292 ./Middlewares/Third_Party/FreeRTOS/Source/tasks.o
 .debug_macro   0x00018fae       0x10 ./Middlewares/Third_Party/FreeRTOS/Source/tasks.o
 .debug_macro   0x00018fbe      0x20f ./Middlewares/Third_Party/FreeRTOS/Source/portable/GCC/ARM_CM3/port.o
 .debug_macro   0x000191cd      0x1c0 ./Middlewares/Third_Party/FreeRTOS/Source/portable/MemMang/heap_4.o

.debug_line     0x00000000    0x1195f
 .debug_line    0x00000000      0x761 ./Core/Src/KeyPad.o
 .debug_line    0x00000761      0x93d ./Core/Src/freertos.o
 .debug_line    0x0000109e      0xd4e ./Core/Src/main.o
 .debug_line    0x00001dec      0x768 ./Core/Src/stm32f1xx_hal_msp.o
 .debug_line    0x00002554      0x76c ./Core/Src/stm32f1xx_hal_timebase_tim.o
 .debug_line    0x00002cc0      0x78c ./Core/Src/stm32f1xx_it.o
 .debug_line    0x0000344c      0x76e ./Core/Src/system_stm32f1xx.o
 .debug_line    0x00003bba       0x78 ./Core/Startup/startup_stm32f103c8tx.o
 .debug_line    0x00003c32      0x99b ./Drivers/STM32F1xx_HAL_Driver/Src/stm32f1xx_hal.o
 .debug_line    0x000045cd      0xb87 ./Drivers/STM32F1xx_HAL_Driver/Src/stm32f1xx_hal_cortex.o
 .debug_line    0x00005154      0xa34 ./Drivers/STM32F1xx_HAL_Driver/Src/stm32f1xx_hal_gpio.o
 .debug_line    0x00005b88      0xda4 ./Drivers/STM32F1xx_HAL_Driver/Src/stm32f1xx_hal_rcc.o
 .debug_line    0x0000692c     0x1c4d ./Drivers/STM32F1xx_HAL_Driver/Src/stm32f1xx_hal_spi.o
 .debug_line    0x00008579     0x34a5 ./Drivers/STM32F1xx_HAL_Driver/Src/stm32f1xx_hal_tim.o
 .debug_line    0x0000ba1e     0x18fa ./Drivers/STM32F1xx_HAL_Driver/Src/stm32f1xx_hal_tim_ex.o
 .debug_line    0x0000d318     0x127b ./Middlewares/Third_Party/FreeRTOS/Source/CMSIS_RTOS/cmsis_os.o
 .debug_line    0x0000e593      0x7ab ./Middlewares/Third_Party/FreeRTOS/Source/list.o
 .debug_line    0x0000ed3e     0x1997 ./Middlewares/Third_Party/FreeRTOS/Source/tasks.o
 .debug_line    0x000106d5      0x91a ./Middlewares/Third_Party/FreeRTOS/Source/portable/GCC/ARM_CM3/port.o
 .debug_line    0x00010fef      0x970 ./Middlewares/Third_Party/FreeRTOS/Source/portable/MemMang/heap_4.o

.debug_str      0x00000000    0x92035
 .debug_str     0x00000000    0x82bb4 ./Core/Src/KeyPad.o
                              0x82eff (size before relaxing)
 .debug_str     0x00082bb4     0x5b60 ./Core/Src/freertos.o
                              0x8899c (size before relaxing)
 .debug_str     0x00088714     0x48fa ./Core/Src/main.o
                              0x8d37d (size before relaxing)
 .debug_str     0x0008d00e      0x314 ./Core/Src/stm32f1xx_hal_msp.o
                              0x83797 (size before relaxing)
 .debug_str     0x0008d322      0x11a ./Core/Src/stm32f1xx_hal_timebase_tim.o
                              0x8374e (size before relaxing)
 .debug_str     0x0008d43c       0xb5 ./Core/Src/stm32f1xx_it.o
                              0x83517 (size before relaxing)
 .debug_str     0x0008d4f1       0x7e ./Core/Src/system_stm32f1xx.o
                              0x82e86 (size before relaxing)
 .debug_str     0x0008d56f       0x44 ./Core/Startup/startup_stm32f103c8tx.o
                                 0x94 (size before relaxing)
 .debug_str     0x0008d5b3      0x334 ./Drivers/STM32F1xx_HAL_Driver/Src/stm32f1xx_hal.o
                              0x835b9 (size before relaxing)
 .debug_str     0x0008d8e7      0x29f ./Drivers/STM32F1xx_HAL_Driver/Src/stm32f1xx_hal_cortex.o
                              0x83505 (size before relaxing)
 .debug_str     0x0008db86      0x2bd ./Drivers/STM32F1xx_HAL_Driver/Src/stm32f1xx_hal_gpio.o
                              0x8320c (size before relaxing)
 .debug_str     0x0008de43      0x1f3 ./Drivers/STM32F1xx_HAL_Driver/Src/stm32f1xx_hal_rcc.o
                              0x832b5 (size before relaxing)
 .debug_str     0x0008e036      0x55b ./Drivers/STM32F1xx_HAL_Driver/Src/stm32f1xx_hal_spi.o
                              0x837b2 (size before relaxing)
 .debug_str     0x0008e591      0xe41 ./Drivers/STM32F1xx_HAL_Driver/Src/stm32f1xx_hal_tim.o
                              0x842a7 (size before relaxing)
 .debug_str     0x0008f3d2      0x503 ./Drivers/STM32F1xx_HAL_Driver/Src/stm32f1xx_hal_tim_ex.o
                              0x83ac3 (size before relaxing)
 .debug_str     0x0008f8d5      0xae0 ./Middlewares/Third_Party/FreeRTOS/Source/CMSIS_RTOS/cmsis_os.o
                               0xe4ca (size before relaxing)
 .debug_str     0x000903b5      0x21b ./Middlewares/Third_Party/FreeRTOS/Source/list.o
                               0xa7c1 (size before relaxing)
 .debug_str     0x000905d0     0x11b4 ./Middlewares/Third_Party/FreeRTOS/Source/tasks.o
                               0xce02 (size before relaxing)
 .debug_str     0x00091784      0x66e ./Middlewares/Third_Party/FreeRTOS/Source/portable/GCC/ARM_CM3/port.o
                               0x9d90 (size before relaxing)
 .debug_str     0x00091df2      0x243 ./Middlewares/Third_Party/FreeRTOS/Source/portable/MemMang/heap_4.o
                               0xaf0e (size before relaxing)

.comment        0x00000000       0x43
 .comment       0x00000000       0x43 ./Core/Src/KeyPad.o
                                 0x44 (size before relaxing)
 .comment       0x00000043       0x44 ./Core/Src/freertos.o
 .comment       0x00000043       0x44 ./Core/Src/main.o
 .comment       0x00000043       0x44 ./Core/Src/stm32f1xx_hal_msp.o
 .comment       0x00000043       0x44 ./Core/Src/stm32f1xx_hal_timebase_tim.o
 .comment       0x00000043       0x44 ./Core/Src/stm32f1xx_it.o
 .comment       0x00000043       0x44 ./Core/Src/system_stm32f1xx.o
 .comment       0x00000043       0x44 ./Drivers/STM32F1xx_HAL_Driver/Src/stm32f1xx_hal.o
 .comment       0x00000043       0x44 ./Drivers/STM32F1xx_HAL_Driver/Src/stm32f1xx_hal_cortex.o
 .comment       0x00000043       0x44 ./Drivers/STM32F1xx_HAL_Driver/Src/stm32f1xx_hal_gpio.o
 .comment       0x00000043       0x44 ./Drivers/STM32F1xx_HAL_Driver/Src/stm32f1xx_hal_rcc.o
 .comment       0x00000043       0x44 ./Drivers/STM32F1xx_HAL_Driver/Src/stm32f1xx_hal_spi.o
 .comment       0x00000043       0x44 ./Drivers/STM32F1xx_HAL_Driver/Src/stm32f1xx_hal_tim.o
 .comment       0x00000043       0x44 ./Drivers/STM32F1xx_HAL_Driver/Src/stm32f1xx_hal_tim_ex.o
 .comment       0x00000043       0x44 ./Middlewares/Third_Party/FreeRTOS/Source/CMSIS_RTOS/cmsis_os.o
 .comment       0x00000043       0x44 ./Middlewares/Third_Party/FreeRTOS/Source/list.o
 .comment       0x00000043       0x44 ./Middlewares/Third_Party/FreeRTOS/Source/tasks.o
 .comment       0x00000043       0x44 ./Middlewares/Third_Party/FreeRTOS/Source/portable/GCC/ARM_CM3/port.o
 .comment       0x00000043       0x44 ./Middlewares/Third_Party/FreeRTOS/Source/portable/MemMang/heap_4.o

.debug_frame    0x00000000     0x455c
 .debug_frame   0x00000000       0x50 ./Core/Src/KeyPad.o
 .debug_frame   0x00000050       0x38 ./Core/Src/freertos.o
 .debug_frame   0x00000088      0x208 ./Core/Src/main.o
 .debug_frame   0x00000290       0x7c ./Core/Src/stm32f1xx_hal_msp.o
 .debug_frame   0x0000030c       0x74 ./Core/Src/stm32f1xx_hal_timebase_tim.o
 .debug_frame   0x00000380       0xc4 ./Core/Src/stm32f1xx_it.o
 .debug_frame   0x00000444       0x58 ./Core/Src/system_stm32f1xx.o
 .debug_frame   0x0000049c      0x334 ./Drivers/STM32F1xx_HAL_Driver/Src/stm32f1xx_hal.o
 .debug_frame   0x000007d0      0x428 ./Drivers/STM32F1xx_HAL_Driver/Src/stm32f1xx_hal_cortex.o
 .debug_frame   0x00000bf8      0x14c ./Drivers/STM32F1xx_HAL_Driver/Src/stm32f1xx_hal_gpio.o
 .debug_frame   0x00000d44      0x218 ./Drivers/STM32F1xx_HAL_Driver/Src/stm32f1xx_hal_rcc.o
 .debug_frame   0x00000f5c      0x824 ./Drivers/STM32F1xx_HAL_Driver/Src/stm32f1xx_hal_spi.o
 .debug_frame   0x00001780     0x11bc ./Drivers/STM32F1xx_HAL_Driver/Src/stm32f1xx_hal_tim.o
 .debug_frame   0x0000293c      0x638 ./Drivers/STM32F1xx_HAL_Driver/Src/stm32f1xx_hal_tim_ex.o
 .debug_frame   0x00002f74      0x80c ./Middlewares/Third_Party/FreeRTOS/Source/CMSIS_RTOS/cmsis_os.o
 .debug_frame   0x00003780       0xd8 ./Middlewares/Third_Party/FreeRTOS/Source/list.o
 .debug_frame   0x00003858      0x734 ./Middlewares/Third_Party/FreeRTOS/Source/tasks.o
 .debug_frame   0x00003f8c      0x198 ./Middlewares/Third_Party/FreeRTOS/Source/portable/GCC/ARM_CM3/port.o
 .debug_frame   0x00004124      0x108 ./Middlewares/Third_Party/FreeRTOS/Source/portable/MemMang/heap_4.o
 .debug_frame   0x0000422c      0x144 C:/D/Coding/STM32CubeIDE/Application/STM32CubeIDE_1.15.1/STM32CubeIDE/plugins/com.st.stm32cube.ide.mcu.externaltools.gnu-tools-for-stm32.12.3.rel1.win32_1.0.100.202403111256/tools/bin/../lib/gcc/arm-none-eabi/12.3.1/../../../../arm-none-eabi/lib/thumb/v7-m/nofp\libc_nano.a(libc_a-findfp.o)
 .debug_frame   0x00004370       0x20 C:/D/Coding/STM32CubeIDE/Application/STM32CubeIDE_1.15.1/STM32CubeIDE/plugins/com.st.stm32cube.ide.mcu.externaltools.gnu-tools-for-stm32.12.3.rel1.win32_1.0.100.202403111256/tools/bin/../lib/gcc/arm-none-eabi/12.3.1/../../../../arm-none-eabi/lib/thumb/v7-m/nofp\libc_nano.a(libc_a-memset.o)
 .debug_frame   0x00004390       0x38 C:/D/Coding/STM32CubeIDE/Application/STM32CubeIDE_1.15.1/STM32CubeIDE/plugins/com.st.stm32cube.ide.mcu.externaltools.gnu-tools-for-stm32.12.3.rel1.win32_1.0.100.202403111256/tools/bin/../lib/gcc/arm-none-eabi/12.3.1/../../../../arm-none-eabi/lib/thumb/v7-m/nofp\libc_nano.a(libc_a-reent.o)
 .debug_frame   0x000043c8       0x2c C:/D/Coding/STM32CubeIDE/Application/STM32CubeIDE_1.15.1/STM32CubeIDE/plugins/com.st.stm32cube.ide.mcu.externaltools.gnu-tools-for-stm32.12.3.rel1.win32_1.0.100.202403111256/tools/bin/../lib/gcc/arm-none-eabi/12.3.1/../../../../arm-none-eabi/lib/thumb/v7-m/nofp\libc_nano.a(libc_a-init.o)
 .debug_frame   0x000043f4       0xb0 C:/D/Coding/STM32CubeIDE/Application/STM32CubeIDE_1.15.1/STM32CubeIDE/plugins/com.st.stm32cube.ide.mcu.externaltools.gnu-tools-for-stm32.12.3.rel1.win32_1.0.100.202403111256/tools/bin/../lib/gcc/arm-none-eabi/12.3.1/../../../../arm-none-eabi/lib/thumb/v7-m/nofp\libc_nano.a(libc_a-lock.o)
 .debug_frame   0x000044a4       0x38 C:/D/Coding/STM32CubeIDE/Application/STM32CubeIDE_1.15.1/STM32CubeIDE/plugins/com.st.stm32cube.ide.mcu.externaltools.gnu-tools-for-stm32.12.3.rel1.win32_1.0.100.202403111256/tools/bin/../lib/gcc/arm-none-eabi/12.3.1/../../../../arm-none-eabi/lib/thumb/v7-m/nofp\libc_nano.a(libc_a-freer.o)
 .debug_frame   0x000044dc       0x50 C:/D/Coding/STM32CubeIDE/Application/STM32CubeIDE_1.15.1/STM32CubeIDE/plugins/com.st.stm32cube.ide.mcu.externaltools.gnu-tools-for-stm32.12.3.rel1.win32_1.0.100.202403111256/tools/bin/../lib/gcc/arm-none-eabi/12.3.1/../../../../arm-none-eabi/lib/thumb/v7-m/nofp\libc_nano.a(libc_a-mallocr.o)
 .debug_frame   0x0000452c       0x30 C:/D/Coding/STM32CubeIDE/Application/STM32CubeIDE_1.15.1/STM32CubeIDE/plugins/com.st.stm32cube.ide.mcu.externaltools.gnu-tools-for-stm32.12.3.rel1.win32_1.0.100.202403111256/tools/bin/../lib/gcc/arm-none-eabi/12.3.1/../../../../arm-none-eabi/lib/thumb/v7-m/nofp\libc_nano.a(libc_a-mlock.o)

.debug_line_str
                0x00000000       0x78
 .debug_line_str
                0x00000000       0x78 ./Core/Startup/startup_stm32f103c8tx.o
